Archive member included because of file (symbol)

/Users/madisonrockwell/Documents/LPCXpresso_6.1.2/workspace/lib_small_printf_m0/Lib/liblib_small_printf_m0.a(small_printf_nofloat.o)
                              ./driver/debug_printf.o (printf_format_nofloat)
/Users/madisonrockwell/Documents/LPCXpresso_6.1.2/workspace/lib_small_printf_m0/Lib/liblib_small_printf_m0.a(small_printf_support.o)
                              /Users/madisonrockwell/Documents/LPCXpresso_6.1.2/workspace/lib_small_printf_m0/Lib/liblib_small_printf_m0.a(small_printf_nofloat.o) (prints)
/Users/madisonrockwell/Documents/LPCXpresso_6.1.2/workspace/lib_small_printf_m0/Lib/liblib_small_printf_m0.a(small_utils.o)
                              ./driver/debug_printf.o (small_strlen)
/Applications/lpcxpresso_6.1.2_177/lpcxpresso/tools/bin/../lib/gcc/arm-none-eabi/4.6.2/../../../../arm-none-eabi/lib/armv6-m/libcr_c.a(__weak__main.o)
                              ./startup/cr_startup_lpc11.o (__main)
/Applications/lpcxpresso_6.1.2_177/lpcxpresso/tools/bin/../lib/gcc/arm-none-eabi/4.6.2/../../../../arm-none-eabi/lib/armv6-m/libcr_c.a(fpprintf.o)
                              ./src/adc_main.o (printf)
/Applications/lpcxpresso_6.1.2_177/lpcxpresso/tools/bin/../lib/gcc/arm-none-eabi/4.6.2/../../../../arm-none-eabi/lib/armv6-m/libcr_c.a(printf.o)
                              /Applications/lpcxpresso_6.1.2_177/lpcxpresso/tools/bin/../lib/gcc/arm-none-eabi/4.6.2/../../../../arm-none-eabi/lib/armv6-m/libcr_c.a(fpprintf.o) (__vfprintf)
/Applications/lpcxpresso_6.1.2_177/lpcxpresso/tools/bin/../lib/gcc/arm-none-eabi/4.6.2/../../../../arm-none-eabi/lib/armv6-m/libcr_c.a(stdio.o)
                              /Applications/lpcxpresso_6.1.2_177/lpcxpresso/tools/bin/../lib/gcc/arm-none-eabi/4.6.2/../../../../arm-none-eabi/lib/armv6-m/libcr_c.a(fpprintf.o) (__Ciob)
/Applications/lpcxpresso_6.1.2_177/lpcxpresso/tools/bin/../lib/gcc/arm-none-eabi/4.6.2/../../../../arm-none-eabi/lib/armv6-m/libcr_c.a(strlen.o)
                              /Applications/lpcxpresso_6.1.2_177/lpcxpresso/tools/bin/../lib/gcc/arm-none-eabi/4.6.2/../../../../arm-none-eabi/lib/armv6-m/libcr_c.a(printf.o) (strlen)
/Applications/lpcxpresso_6.1.2_177/lpcxpresso/tools/bin/../lib/gcc/arm-none-eabi/4.6.2/../../../../arm-none-eabi/lib/armv6-m/libcr_c.a(memset.o)
                              /Applications/lpcxpresso_6.1.2_177/lpcxpresso/tools/bin/../lib/gcc/arm-none-eabi/4.6.2/../../../../arm-none-eabi/lib/armv6-m/libcr_c.a(fpprintf.o) (memset)
/Applications/lpcxpresso_6.1.2_177/lpcxpresso/tools/bin/../lib/gcc/arm-none-eabi/4.6.2/../../../../arm-none-eabi/lib/armv6-m/libcr_c.a(__fillbuf.o)
                              /Applications/lpcxpresso_6.1.2_177/lpcxpresso/tools/bin/../lib/gcc/arm-none-eabi/4.6.2/../../../../arm-none-eabi/lib/armv6-m/libcr_c.a(stdio.o) (__filbuf)
/Applications/lpcxpresso_6.1.2_177/lpcxpresso/tools/bin/../lib/gcc/arm-none-eabi/4.6.2/../../../../arm-none-eabi/lib/armv6-m/libcr_c.a(_deferredlazyseek.o)
                              /Applications/lpcxpresso_6.1.2_177/lpcxpresso/tools/bin/../lib/gcc/arm-none-eabi/4.6.2/../../../../arm-none-eabi/lib/armv6-m/libcr_c.a(__fillbuf.o) (_deferredlazyseek)
/Applications/lpcxpresso_6.1.2_177/lpcxpresso/tools/bin/../lib/gcc/arm-none-eabi/4.6.2/../../../../arm-none-eabi/lib/armv6-m/libcr_c.a(_fflush.o)
                              /Applications/lpcxpresso_6.1.2_177/lpcxpresso/tools/bin/../lib/gcc/arm-none-eabi/4.6.2/../../../../arm-none-eabi/lib/armv6-m/libcr_c.a(__fillbuf.o) (_fflush)
/Applications/lpcxpresso_6.1.2_177/lpcxpresso/tools/bin/../lib/gcc/arm-none-eabi/4.6.2/../../../../arm-none-eabi/lib/armv6-m/libcr_c.a(_frexpl.o)
                              /Applications/lpcxpresso_6.1.2_177/lpcxpresso/tools/bin/../lib/gcc/arm-none-eabi/4.6.2/../../../../arm-none-eabi/lib/armv6-m/libcr_c.a(fpprintf.o) (_frexpl)
/Applications/lpcxpresso_6.1.2_177/lpcxpresso/tools/bin/../lib/gcc/arm-none-eabi/4.6.2/../../../../arm-none-eabi/lib/armv6-m/libcr_c.a(_ldexpl.o)
                              /Applications/lpcxpresso_6.1.2_177/lpcxpresso/tools/bin/../lib/gcc/arm-none-eabi/4.6.2/../../../../arm-none-eabi/lib/armv6-m/libcr_c.a(fpprintf.o) (_ldexpl)
/Applications/lpcxpresso_6.1.2_177/lpcxpresso/tools/bin/../lib/gcc/arm-none-eabi/4.6.2/../../../../arm-none-eabi/lib/armv6-m/libcr_c.a(_writebuf.o)
                              /Applications/lpcxpresso_6.1.2_177/lpcxpresso/tools/bin/../lib/gcc/arm-none-eabi/4.6.2/../../../../arm-none-eabi/lib/armv6-m/libcr_c.a(_deferredlazyseek.o) (_Cwritebuf)
/Applications/lpcxpresso_6.1.2_177/lpcxpresso/tools/bin/../lib/gcc/arm-none-eabi/4.6.2/../../../../arm-none-eabi/lib/armv6-m/libcr_c.a(alloc.o)
                              /Applications/lpcxpresso_6.1.2_177/lpcxpresso/tools/bin/../lib/gcc/arm-none-eabi/4.6.2/../../../../arm-none-eabi/lib/armv6-m/libcr_c.a(fpprintf.o) (malloc)
/Applications/lpcxpresso_6.1.2_177/lpcxpresso/tools/bin/../lib/gcc/arm-none-eabi/4.6.2/../../../../arm-none-eabi/lib/armv6-m/libcr_c.a(errno.o)
                              /Applications/lpcxpresso_6.1.2_177/lpcxpresso/tools/bin/../lib/gcc/arm-none-eabi/4.6.2/../../../../arm-none-eabi/lib/armv6-m/libcr_c.a(_ldexpl.o) (errno)
/Applications/lpcxpresso_6.1.2_177/lpcxpresso/tools/bin/../lib/gcc/arm-none-eabi/4.6.2/../../../../arm-none-eabi/lib/armv6-m/libcr_c.a(memcpy.o)
                              /Applications/lpcxpresso_6.1.2_177/lpcxpresso/tools/bin/../lib/gcc/arm-none-eabi/4.6.2/../../../../arm-none-eabi/lib/armv6-m/libcr_c.a(alloc.o) (memcpy)
/Applications/lpcxpresso_6.1.2_177/lpcxpresso/tools/bin/../lib/gcc/arm-none-eabi/4.6.2/../../../../arm-none-eabi/lib/armv6-m/libcr_c.a(__init_alloc.o)
                              /Applications/lpcxpresso_6.1.2_177/lpcxpresso/tools/bin/../lib/gcc/arm-none-eabi/4.6.2/../../../../arm-none-eabi/lib/armv6-m/libcr_c.a(alloc.o) (__heaps)
/Applications/lpcxpresso_6.1.2_177/lpcxpresso/tools/bin/../lib/gcc/arm-none-eabi/4.6.2/../../../../arm-none-eabi/lib/armv6-m/libcr_c.a(_hugeval.o)
                              /Applications/lpcxpresso_6.1.2_177/lpcxpresso/tools/bin/../lib/gcc/arm-none-eabi/4.6.2/../../../../arm-none-eabi/lib/armv6-m/libcr_c.a(_ldexpl.o) (__huge_vall)
/Applications/lpcxpresso_6.1.2_177/lpcxpresso/tools/bin/../lib/gcc/arm-none-eabi/4.6.2/../../../../arm-none-eabi/lib/armv6-m/libcr_semihost.a(__sys_appexit.o)
                              /Applications/lpcxpresso_6.1.2_177/lpcxpresso/tools/bin/../lib/gcc/arm-none-eabi/4.6.2/../../../../arm-none-eabi/lib/armv6-m/libcr_c.a(alloc.o) (__sys_appexit)
/Applications/lpcxpresso_6.1.2_177/lpcxpresso/tools/bin/../lib/gcc/arm-none-eabi/4.6.2/../../../../arm-none-eabi/lib/armv6-m/libcr_semihost.a(__sys_flen.o)
                              /Applications/lpcxpresso_6.1.2_177/lpcxpresso/tools/bin/../lib/gcc/arm-none-eabi/4.6.2/../../../../arm-none-eabi/lib/armv6-m/libcr_c.a(_writebuf.o) (__sys_flen)
/Applications/lpcxpresso_6.1.2_177/lpcxpresso/tools/bin/../lib/gcc/arm-none-eabi/4.6.2/../../../../arm-none-eabi/lib/armv6-m/libcr_semihost.a(__sys_istty.o)
                              /Applications/lpcxpresso_6.1.2_177/lpcxpresso/tools/bin/../lib/gcc/arm-none-eabi/4.6.2/../../../../arm-none-eabi/lib/armv6-m/libcr_c.a(_deferredlazyseek.o) (__sys_istty)
/Applications/lpcxpresso_6.1.2_177/lpcxpresso/tools/bin/../lib/gcc/arm-none-eabi/4.6.2/../../../../arm-none-eabi/lib/armv6-m/libcr_semihost.a(__sys_read.o)
                              /Applications/lpcxpresso_6.1.2_177/lpcxpresso/tools/bin/../lib/gcc/arm-none-eabi/4.6.2/../../../../arm-none-eabi/lib/armv6-m/libcr_c.a(__fillbuf.o) (__sys_read)
/Applications/lpcxpresso_6.1.2_177/lpcxpresso/tools/bin/../lib/gcc/arm-none-eabi/4.6.2/../../../../arm-none-eabi/lib/armv6-m/libcr_semihost.a(__sys_readc.o)
                              /Applications/lpcxpresso_6.1.2_177/lpcxpresso/tools/bin/../lib/gcc/arm-none-eabi/4.6.2/../../../../arm-none-eabi/lib/armv6-m/libcr_c.a(__fillbuf.o) (__sys_readc)
/Applications/lpcxpresso_6.1.2_177/lpcxpresso/tools/bin/../lib/gcc/arm-none-eabi/4.6.2/../../../../arm-none-eabi/lib/armv6-m/libcr_semihost.a(__sys_seek.o)
                              /Applications/lpcxpresso_6.1.2_177/lpcxpresso/tools/bin/../lib/gcc/arm-none-eabi/4.6.2/../../../../arm-none-eabi/lib/armv6-m/libcr_c.a(__fillbuf.o) (__sys_seek)
/Applications/lpcxpresso_6.1.2_177/lpcxpresso/tools/bin/../lib/gcc/arm-none-eabi/4.6.2/../../../../arm-none-eabi/lib/armv6-m/libcr_semihost.a(__sys_write.o)
                              ./driver/debug_printf.o (__write)
/Applications/lpcxpresso_6.1.2_177/lpcxpresso/tools/bin/../lib/gcc/arm-none-eabi/4.6.2/../../../../arm-none-eabi/lib/armv6-m/libcr_semihost.a(_cr_sbrk.o)
                              /Applications/lpcxpresso_6.1.2_177/lpcxpresso/tools/bin/../lib/gcc/arm-none-eabi/4.6.2/../../../../arm-none-eabi/lib/armv6-m/libcr_c.a(alloc.o) (_sbrk)
/Applications/lpcxpresso_6.1.2_177/lpcxpresso/tools/bin/../lib/gcc/arm-none-eabi/4.6.2/../../../../arm-none-eabi/lib/armv6-m/libcr_semihost.a(_cr_check_heap.o)
                              /Applications/lpcxpresso_6.1.2_177/lpcxpresso/tools/bin/../lib/gcc/arm-none-eabi/4.6.2/../../../../arm-none-eabi/lib/armv6-m/libcr_semihost.a(_cr_sbrk.o) (__check_heap_overflow)
/Applications/lpcxpresso_6.1.2_177/lpcxpresso/tools/bin/../lib/gcc/arm-none-eabi/4.6.2/armv6-m/libcr_eabihelpers.a(division.o)
                              /Applications/lpcxpresso_6.1.2_177/lpcxpresso/tools/bin/../lib/gcc/arm-none-eabi/4.6.2/../../../../arm-none-eabi/lib/armv6-m/libcr_c.a(fpprintf.o) (__aeabi_idiv)
/Applications/lpcxpresso_6.1.2_177/lpcxpresso/tools/bin/../lib/gcc/arm-none-eabi/4.6.2/armv6-m/libcr_eabihelpers.a(double.o)
                              ./src/adc_main.o (__aeabi_dmul)
/Applications/lpcxpresso_6.1.2_177/lpcxpresso/tools/bin/../lib/gcc/arm-none-eabi/4.6.2/armv6-m/libcr_eabihelpers.a(llong.o)
                              /Applications/lpcxpresso_6.1.2_177/lpcxpresso/tools/bin/../lib/gcc/arm-none-eabi/4.6.2/../../../../arm-none-eabi/lib/armv6-m/libcr_c.a(printf.o) (__aeabi_lmul)
/Applications/lpcxpresso_6.1.2_177/lpcxpresso/tools/bin/../lib/gcc/arm-none-eabi/4.6.2/armv6-m/libcr_eabihelpers.a(memcpy.o)
                              /Applications/lpcxpresso_6.1.2_177/lpcxpresso/tools/bin/../lib/gcc/arm-none-eabi/4.6.2/../../../../arm-none-eabi/lib/armv6-m/libcr_c.a(memcpy.o) (__aeabi_memcpy)

Allocating common symbols
Common symbol       size              file

fseek               0x4               ./driver/debug_printf.o
fclose              0x4               ./driver/debug_printf.o
ADCValue            0x20              ./driver/adc.o
__heaps             0x4               /Applications/lpcxpresso_6.1.2_177/lpcxpresso/tools/bin/../lib/gcc/arm-none-eabi/4.6.2/../../../../arm-none-eabi/lib/armv6-m/libcr_c.a(__init_alloc.o)
__end_of_heap       0x4               /Applications/lpcxpresso_6.1.2_177/lpcxpresso/tools/bin/../lib/gcc/arm-none-eabi/4.6.2/../../../../arm-none-eabi/lib/armv6-m/libcr_c.a(__init_alloc.o)
__Ciob              0x140             /Applications/lpcxpresso_6.1.2_177/lpcxpresso/tools/bin/../lib/gcc/arm-none-eabi/4.6.2/../../../../arm-none-eabi/lib/armv6-m/libcr_c.a(stdio.o)

Discarded input sections

 .text          0x0000000000000000        0x0 ./startup/cr_startup_lpc11.o
 .data          0x0000000000000000        0x0 ./startup/cr_startup_lpc11.o
 .bss           0x0000000000000000        0x0 ./startup/cr_startup_lpc11.o
 .text          0x0000000000000000        0x0 ./src/adc_main.o
 .data          0x0000000000000000        0x0 ./src/adc_main.o
 .bss           0x0000000000000000        0x0 ./src/adc_main.o
 .rodata.LPC_GPIO
                0x0000000000000000       0x10 ./src/adc_main.o
 .text.ConvertDigital
                0x0000000000000000       0x4c ./src/adc_main.o
 .text.FillString
                0x0000000000000000       0x44 ./src/adc_main.o
 .text.ADCBar   0x0000000000000000      0x130 ./src/adc_main.o
 .text          0x0000000000000000        0x0 ./driver/adc.o
 .data          0x0000000000000000        0x0 ./driver/adc.o
 .bss           0x0000000000000000        0x0 ./driver/adc.o
 .text.ADCBurstRead
                0x0000000000000000       0x48 ./driver/adc.o
 .text          0x0000000000000000        0x0 ./driver/crp.o
 .data          0x0000000000000000        0x0 ./driver/crp.o
 .bss           0x0000000000000000        0x0 ./driver/crp.o
 .text          0x0000000000000000        0x0 ./driver/debug_printf.o
 .data          0x0000000000000000        0x0 ./driver/debug_printf.o
 .bss           0x0000000000000000        0x0 ./driver/debug_printf.o
 .bss.debug_write_buf
                0x0000000000000000       0x54 ./driver/debug_printf.o
 .bss.debug_buf_read_index
                0x0000000000000000        0x1 ./driver/debug_printf.o
 .bss.debug_buf_write_index
                0x0000000000000000        0x1 ./driver/debug_printf.o
 .text._debug_printf_flush
                0x0000000000000000       0xa8 ./driver/debug_printf.o
 .text._debug_putchar
                0x0000000000000000       0x88 ./driver/debug_printf.o
 .text._debug_printf
                0x0000000000000000       0x30 ./driver/debug_printf.o
 .bss.debug_read_buf
                0x0000000000000000       0x18 ./driver/debug_printf.o
 .text._debug_getstr
                0x0000000000000000       0x58 ./driver/debug_printf.o
 .text._debug_puts
                0x0000000000000000       0x30 ./driver/debug_printf.o
 .text          0x0000000000000000        0x0 ./driver/gpio.o
 .data          0x0000000000000000        0x0 ./driver/gpio.o
 .bss           0x0000000000000000        0x0 ./driver/gpio.o
 .text.GPIOSetInterrupt
                0x0000000000000000      0x334 ./driver/gpio.o
 .text.GPIOIntEnable
                0x0000000000000000       0xa8 ./driver/gpio.o
 .text.GPIOIntDisable
                0x0000000000000000       0xa8 ./driver/gpio.o
 .text.GPIOIntStatus
                0x0000000000000000       0xb4 ./driver/gpio.o
 .text.GPIOIntClear
                0x0000000000000000       0xa8 ./driver/gpio.o
 .text          0x0000000000000000        0x0 ./driver/timer16.o
 .data          0x0000000000000000        0x0 ./driver/timer16.o
 .bss           0x0000000000000000        0x0 ./driver/timer16.o
 .text          0x0000000000000000        0x0 ./driver/timer32.o
 .data          0x0000000000000000        0x0 ./driver/timer32.o
 .bss           0x0000000000000000        0x0 ./driver/timer32.o
 .bss.timer32_0_period
                0x0000000000000000        0x4 ./driver/timer32.o
 .bss.timer32_1_period
                0x0000000000000000        0x4 ./driver/timer32.o
 .text.delay32Ms
                0x0000000000000000       0xe4 ./driver/timer32.o
 .text.disable_timer32
                0x0000000000000000       0x30 ./driver/timer32.o
 .text.reset_timer32
                0x0000000000000000       0x4c ./driver/timer32.o
 .text.init_timer32PWM
                0x0000000000000000      0x22c ./driver/timer32.o
 .text.setMatch_timer32PWM
                0x0000000000000000       0xa4 ./driver/timer32.o
 .text          0x0000000000000000        0x0 ./cmsis/core_cm0.o
 .data          0x0000000000000000        0x0 ./cmsis/core_cm0.o
 .bss           0x0000000000000000        0x0 ./cmsis/core_cm0.o
 .text.__get_PSP
                0x0000000000000000        0x8 ./cmsis/core_cm0.o
 .text.__set_PSP
                0x0000000000000000        0x6 ./cmsis/core_cm0.o
 .text.__get_MSP
                0x0000000000000000        0x8 ./cmsis/core_cm0.o
 .text.__set_MSP
                0x0000000000000000        0x6 ./cmsis/core_cm0.o
 .text.__get_PRIMASK
                0x0000000000000000        0x6 ./cmsis/core_cm0.o
 .text.__set_PRIMASK
                0x0000000000000000        0x6 ./cmsis/core_cm0.o
 .text.__get_CONTROL
                0x0000000000000000        0x6 ./cmsis/core_cm0.o
 .text.__set_CONTROL
                0x0000000000000000        0x6 ./cmsis/core_cm0.o
 .text.__REV    0x0000000000000000        0x4 ./cmsis/core_cm0.o
 .text.__REV16  0x0000000000000000        0x4 ./cmsis/core_cm0.o
 .text.__REVSH  0x0000000000000000        0x4 ./cmsis/core_cm0.o
 .text          0x0000000000000000        0x0 ./cmsis/system_LPC11xx.o
 .data          0x0000000000000000        0x0 ./cmsis/system_LPC11xx.o
 .bss           0x0000000000000000        0x0 ./cmsis/system_LPC11xx.o
 .text          0x0000000000000000        0x0 /Users/madisonrockwell/Documents/LPCXpresso_6.1.2/workspace/lib_small_printf_m0/Lib/liblib_small_printf_m0.a(small_printf_nofloat.o)
 .data          0x0000000000000000        0x0 /Users/madisonrockwell/Documents/LPCXpresso_6.1.2/workspace/lib_small_printf_m0/Lib/liblib_small_printf_m0.a(small_printf_nofloat.o)
 .bss           0x0000000000000000        0x0 /Users/madisonrockwell/Documents/LPCXpresso_6.1.2/workspace/lib_small_printf_m0/Lib/liblib_small_printf_m0.a(small_printf_nofloat.o)
 .text.printf_format_nofloat
                0x0000000000000000      0x18c /Users/madisonrockwell/Documents/LPCXpresso_6.1.2/workspace/lib_small_printf_m0/Lib/liblib_small_printf_m0.a(small_printf_nofloat.o)
 .text.func_printf_nofloat
                0x0000000000000000       0x16 /Users/madisonrockwell/Documents/LPCXpresso_6.1.2/workspace/lib_small_printf_m0/Lib/liblib_small_printf_m0.a(small_printf_nofloat.o)
 .text.nsprintf
                0x0000000000000000       0x24 /Users/madisonrockwell/Documents/LPCXpresso_6.1.2/workspace/lib_small_printf_m0/Lib/liblib_small_printf_m0.a(small_printf_nofloat.o)
 .rodata.str1.1
                0x0000000000000000        0x7 /Users/madisonrockwell/Documents/LPCXpresso_6.1.2/workspace/lib_small_printf_m0/Lib/liblib_small_printf_m0.a(small_printf_nofloat.o)
 .text          0x0000000000000000        0x0 /Users/madisonrockwell/Documents/LPCXpresso_6.1.2/workspace/lib_small_printf_m0/Lib/liblib_small_printf_m0.a(small_printf_support.o)
 .data          0x0000000000000000        0x0 /Users/madisonrockwell/Documents/LPCXpresso_6.1.2/workspace/lib_small_printf_m0/Lib/liblib_small_printf_m0.a(small_printf_support.o)
 .bss           0x0000000000000000        0x0 /Users/madisonrockwell/Documents/LPCXpresso_6.1.2/workspace/lib_small_printf_m0/Lib/liblib_small_printf_m0.a(small_printf_support.o)
 .text.prints   0x0000000000000000       0x7a /Users/madisonrockwell/Documents/LPCXpresso_6.1.2/workspace/lib_small_printf_m0/Lib/liblib_small_printf_m0.a(small_printf_support.o)
 .text.printi   0x0000000000000000       0xa4 /Users/madisonrockwell/Documents/LPCXpresso_6.1.2/workspace/lib_small_printf_m0/Lib/liblib_small_printf_m0.a(small_printf_support.o)
 .text.nsprintf_write_init
                0x0000000000000000       0x1c /Users/madisonrockwell/Documents/LPCXpresso_6.1.2/workspace/lib_small_printf_m0/Lib/liblib_small_printf_m0.a(small_printf_support.o)
 .text.nsprintf_write
                0x0000000000000000       0x30 /Users/madisonrockwell/Documents/LPCXpresso_6.1.2/workspace/lib_small_printf_m0/Lib/liblib_small_printf_m0.a(small_printf_support.o)
 .bss.nsprintf_buffer_index
                0x0000000000000000        0x4 /Users/madisonrockwell/Documents/LPCXpresso_6.1.2/workspace/lib_small_printf_m0/Lib/liblib_small_printf_m0.a(small_printf_support.o)
 .bss.nsprintf_buffer
                0x0000000000000000        0x4 /Users/madisonrockwell/Documents/LPCXpresso_6.1.2/workspace/lib_small_printf_m0/Lib/liblib_small_printf_m0.a(small_printf_support.o)
 .bss.nsprintf_buffer_length
                0x0000000000000000        0x4 /Users/madisonrockwell/Documents/LPCXpresso_6.1.2/workspace/lib_small_printf_m0/Lib/liblib_small_printf_m0.a(small_printf_support.o)
 .text          0x0000000000000000        0x0 /Users/madisonrockwell/Documents/LPCXpresso_6.1.2/workspace/lib_small_printf_m0/Lib/liblib_small_printf_m0.a(small_utils.o)
 .data          0x0000000000000000        0x0 /Users/madisonrockwell/Documents/LPCXpresso_6.1.2/workspace/lib_small_printf_m0/Lib/liblib_small_printf_m0.a(small_utils.o)
 .bss           0x0000000000000000        0x0 /Users/madisonrockwell/Documents/LPCXpresso_6.1.2/workspace/lib_small_printf_m0/Lib/liblib_small_printf_m0.a(small_utils.o)
 .text.small_strlen
                0x0000000000000000       0x12 /Users/madisonrockwell/Documents/LPCXpresso_6.1.2/workspace/lib_small_printf_m0/Lib/liblib_small_printf_m0.a(small_utils.o)
 .text.small_strcmp
                0x0000000000000000       0x1e /Users/madisonrockwell/Documents/LPCXpresso_6.1.2/workspace/lib_small_printf_m0/Lib/liblib_small_printf_m0.a(small_utils.o)
 .text.small_stricmp
                0x0000000000000000       0x34 /Users/madisonrockwell/Documents/LPCXpresso_6.1.2/workspace/lib_small_printf_m0/Lib/liblib_small_printf_m0.a(small_utils.o)
 .text.small_strim
                0x0000000000000000       0x2c /Users/madisonrockwell/Documents/LPCXpresso_6.1.2/workspace/lib_small_printf_m0/Lib/liblib_small_printf_m0.a(small_utils.o)
 .text.gethex   0x0000000000000000       0x34 /Users/madisonrockwell/Documents/LPCXpresso_6.1.2/workspace/lib_small_printf_m0/Lib/liblib_small_printf_m0.a(small_utils.o)
 .text.small_fmodf
                0x0000000000000000       0x68 /Users/madisonrockwell/Documents/LPCXpresso_6.1.2/workspace/lib_small_printf_m0/Lib/liblib_small_printf_m0.a(small_utils.o)
 .text          0x0000000000000000        0x0 /Applications/lpcxpresso_6.1.2_177/lpcxpresso/tools/bin/../lib/gcc/arm-none-eabi/4.6.2/../../../../arm-none-eabi/lib/armv6-m/libcr_c.a(__weak__main.o)
 .data          0x0000000000000000        0x0 /Applications/lpcxpresso_6.1.2_177/lpcxpresso/tools/bin/../lib/gcc/arm-none-eabi/4.6.2/../../../../arm-none-eabi/lib/armv6-m/libcr_c.a(__weak__main.o)
 .bss           0x0000000000000000        0x0 /Applications/lpcxpresso_6.1.2_177/lpcxpresso/tools/bin/../lib/gcc/arm-none-eabi/4.6.2/../../../../arm-none-eabi/lib/armv6-m/libcr_c.a(__weak__main.o)
 .text          0x0000000000000000        0x0 /Applications/lpcxpresso_6.1.2_177/lpcxpresso/tools/bin/../lib/gcc/arm-none-eabi/4.6.2/../../../../arm-none-eabi/lib/armv6-m/libcr_c.a(fpprintf.o)
 .data          0x0000000000000000        0x0 /Applications/lpcxpresso_6.1.2_177/lpcxpresso/tools/bin/../lib/gcc/arm-none-eabi/4.6.2/../../../../arm-none-eabi/lib/armv6-m/libcr_c.a(fpprintf.o)
 .bss           0x0000000000000000        0x0 /Applications/lpcxpresso_6.1.2_177/lpcxpresso/tools/bin/../lib/gcc/arm-none-eabi/4.6.2/../../../../arm-none-eabi/lib/armv6-m/libcr_c.a(fpprintf.o)
 .text.fprintf  0x0000000000000000       0x38 /Applications/lpcxpresso_6.1.2_177/lpcxpresso/tools/bin/../lib/gcc/arm-none-eabi/4.6.2/../../../../arm-none-eabi/lib/armv6-m/libcr_c.a(fpprintf.o)
 .text.printf_char
                0x0000000000000000       0x38 /Applications/lpcxpresso_6.1.2_177/lpcxpresso/tools/bin/../lib/gcc/arm-none-eabi/4.6.2/../../../../arm-none-eabi/lib/armv6-m/libcr_c.a(fpprintf.o)
 .text.snprintf
                0x0000000000000000       0x6c /Applications/lpcxpresso_6.1.2_177/lpcxpresso/tools/bin/../lib/gcc/arm-none-eabi/4.6.2/../../../../arm-none-eabi/lib/armv6-m/libcr_c.a(fpprintf.o)
 .text.vfprintf
                0x0000000000000000       0x28 /Applications/lpcxpresso_6.1.2_177/lpcxpresso/tools/bin/../lib/gcc/arm-none-eabi/4.6.2/../../../../arm-none-eabi/lib/armv6-m/libcr_c.a(fpprintf.o)
 .text.vprintf  0x0000000000000000       0x28 /Applications/lpcxpresso_6.1.2_177/lpcxpresso/tools/bin/../lib/gcc/arm-none-eabi/4.6.2/../../../../arm-none-eabi/lib/armv6-m/libcr_c.a(fpprintf.o)
 .text.vsprintf
                0x0000000000000000       0x68 /Applications/lpcxpresso_6.1.2_177/lpcxpresso/tools/bin/../lib/gcc/arm-none-eabi/4.6.2/../../../../arm-none-eabi/lib/armv6-m/libcr_c.a(fpprintf.o)
 .text          0x0000000000000000        0x0 /Applications/lpcxpresso_6.1.2_177/lpcxpresso/tools/bin/../lib/gcc/arm-none-eabi/4.6.2/../../../../arm-none-eabi/lib/armv6-m/libcr_c.a(printf.o)
 .data          0x0000000000000000        0x0 /Applications/lpcxpresso_6.1.2_177/lpcxpresso/tools/bin/../lib/gcc/arm-none-eabi/4.6.2/../../../../arm-none-eabi/lib/armv6-m/libcr_c.a(printf.o)
 .bss           0x0000000000000000        0x0 /Applications/lpcxpresso_6.1.2_177/lpcxpresso/tools/bin/../lib/gcc/arm-none-eabi/4.6.2/../../../../arm-none-eabi/lib/armv6-m/libcr_c.a(printf.o)
 .text.no_fp_display
                0x0000000000000000        0x4 /Applications/lpcxpresso_6.1.2_177/lpcxpresso/tools/bin/../lib/gcc/arm-none-eabi/4.6.2/../../../../arm-none-eabi/lib/armv6-m/libcr_c.a(printf.o)
 .text._fprintf
                0x0000000000000000       0x38 /Applications/lpcxpresso_6.1.2_177/lpcxpresso/tools/bin/../lib/gcc/arm-none-eabi/4.6.2/../../../../arm-none-eabi/lib/armv6-m/libcr_c.a(printf.o)
 .text._printf_char
                0x0000000000000000       0x38 /Applications/lpcxpresso_6.1.2_177/lpcxpresso/tools/bin/../lib/gcc/arm-none-eabi/4.6.2/../../../../arm-none-eabi/lib/armv6-m/libcr_c.a(printf.o)
 .text._sprintf
                0x0000000000000000       0x78 /Applications/lpcxpresso_6.1.2_177/lpcxpresso/tools/bin/../lib/gcc/arm-none-eabi/4.6.2/../../../../arm-none-eabi/lib/armv6-m/libcr_c.a(printf.o)
 .text._snprintf
                0x0000000000000000       0x6c /Applications/lpcxpresso_6.1.2_177/lpcxpresso/tools/bin/../lib/gcc/arm-none-eabi/4.6.2/../../../../arm-none-eabi/lib/armv6-m/libcr_c.a(printf.o)
 .text._vfprintf
                0x0000000000000000       0x28 /Applications/lpcxpresso_6.1.2_177/lpcxpresso/tools/bin/../lib/gcc/arm-none-eabi/4.6.2/../../../../arm-none-eabi/lib/armv6-m/libcr_c.a(printf.o)
 .text._vsprintf
                0x0000000000000000       0x68 /Applications/lpcxpresso_6.1.2_177/lpcxpresso/tools/bin/../lib/gcc/arm-none-eabi/4.6.2/../../../../arm-none-eabi/lib/armv6-m/libcr_c.a(printf.o)
 .text._vsnprintf
                0x0000000000000000       0x5c /Applications/lpcxpresso_6.1.2_177/lpcxpresso/tools/bin/../lib/gcc/arm-none-eabi/4.6.2/../../../../arm-none-eabi/lib/armv6-m/libcr_c.a(printf.o)
 .text._printf  0x0000000000000000       0x50 /Applications/lpcxpresso_6.1.2_177/lpcxpresso/tools/bin/../lib/gcc/arm-none-eabi/4.6.2/../../../../arm-none-eabi/lib/armv6-m/libcr_c.a(printf.o)
 .text          0x0000000000000000        0x0 /Applications/lpcxpresso_6.1.2_177/lpcxpresso/tools/bin/../lib/gcc/arm-none-eabi/4.6.2/../../../../arm-none-eabi/lib/armv6-m/libcr_c.a(stdio.o)
 .data          0x0000000000000000        0x0 /Applications/lpcxpresso_6.1.2_177/lpcxpresso/tools/bin/../lib/gcc/arm-none-eabi/4.6.2/../../../../arm-none-eabi/lib/armv6-m/libcr_c.a(stdio.o)
 .bss           0x0000000000000000        0x0 /Applications/lpcxpresso_6.1.2_177/lpcxpresso/tools/bin/../lib/gcc/arm-none-eabi/4.6.2/../../../../arm-none-eabi/lib/armv6-m/libcr_c.a(stdio.o)
 .text.fgetc    0x0000000000000000       0x1e /Applications/lpcxpresso_6.1.2_177/lpcxpresso/tools/bin/../lib/gcc/arm-none-eabi/4.6.2/../../../../arm-none-eabi/lib/armv6-m/libcr_c.a(stdio.o)
 .text.fputc    0x0000000000000000       0x1e /Applications/lpcxpresso_6.1.2_177/lpcxpresso/tools/bin/../lib/gcc/arm-none-eabi/4.6.2/../../../../arm-none-eabi/lib/armv6-m/libcr_c.a(stdio.o)
 .text.getc     0x0000000000000000       0x1e /Applications/lpcxpresso_6.1.2_177/lpcxpresso/tools/bin/../lib/gcc/arm-none-eabi/4.6.2/../../../../arm-none-eabi/lib/armv6-m/libcr_c.a(stdio.o)
 .text.getchar  0x0000000000000000       0x24 /Applications/lpcxpresso_6.1.2_177/lpcxpresso/tools/bin/../lib/gcc/arm-none-eabi/4.6.2/../../../../arm-none-eabi/lib/armv6-m/libcr_c.a(stdio.o)
 .text.putc     0x0000000000000000       0x1e /Applications/lpcxpresso_6.1.2_177/lpcxpresso/tools/bin/../lib/gcc/arm-none-eabi/4.6.2/../../../../arm-none-eabi/lib/armv6-m/libcr_c.a(stdio.o)
 .text.putchar  0x0000000000000000       0x28 /Applications/lpcxpresso_6.1.2_177/lpcxpresso/tools/bin/../lib/gcc/arm-none-eabi/4.6.2/../../../../arm-none-eabi/lib/armv6-m/libcr_c.a(stdio.o)
 .text.feof     0x0000000000000000        0x8 /Applications/lpcxpresso_6.1.2_177/lpcxpresso/tools/bin/../lib/gcc/arm-none-eabi/4.6.2/../../../../arm-none-eabi/lib/armv6-m/libcr_c.a(stdio.o)
 .text.ferror   0x0000000000000000        0x8 /Applications/lpcxpresso_6.1.2_177/lpcxpresso/tools/bin/../lib/gcc/arm-none-eabi/4.6.2/../../../../arm-none-eabi/lib/armv6-m/libcr_c.a(stdio.o)
 .text.clearerr
                0x0000000000000000       0x10 /Applications/lpcxpresso_6.1.2_177/lpcxpresso/tools/bin/../lib/gcc/arm-none-eabi/4.6.2/../../../../arm-none-eabi/lib/armv6-m/libcr_c.a(stdio.o)
 .text          0x0000000000000000        0x0 /Applications/lpcxpresso_6.1.2_177/lpcxpresso/tools/bin/../lib/gcc/arm-none-eabi/4.6.2/../../../../arm-none-eabi/lib/armv6-m/libcr_c.a(strlen.o)
 .data          0x0000000000000000        0x0 /Applications/lpcxpresso_6.1.2_177/lpcxpresso/tools/bin/../lib/gcc/arm-none-eabi/4.6.2/../../../../arm-none-eabi/lib/armv6-m/libcr_c.a(strlen.o)
 .bss           0x0000000000000000        0x0 /Applications/lpcxpresso_6.1.2_177/lpcxpresso/tools/bin/../lib/gcc/arm-none-eabi/4.6.2/../../../../arm-none-eabi/lib/armv6-m/libcr_c.a(strlen.o)
 .text          0x0000000000000000        0x0 /Applications/lpcxpresso_6.1.2_177/lpcxpresso/tools/bin/../lib/gcc/arm-none-eabi/4.6.2/../../../../arm-none-eabi/lib/armv6-m/libcr_c.a(memset.o)
 .data          0x0000000000000000        0x0 /Applications/lpcxpresso_6.1.2_177/lpcxpresso/tools/bin/../lib/gcc/arm-none-eabi/4.6.2/../../../../arm-none-eabi/lib/armv6-m/libcr_c.a(memset.o)
 .bss           0x0000000000000000        0x0 /Applications/lpcxpresso_6.1.2_177/lpcxpresso/tools/bin/../lib/gcc/arm-none-eabi/4.6.2/../../../../arm-none-eabi/lib/armv6-m/libcr_c.a(memset.o)
 .text          0x0000000000000000        0x0 /Applications/lpcxpresso_6.1.2_177/lpcxpresso/tools/bin/../lib/gcc/arm-none-eabi/4.6.2/../../../../arm-none-eabi/lib/armv6-m/libcr_c.a(__fillbuf.o)
 .data          0x0000000000000000        0x0 /Applications/lpcxpresso_6.1.2_177/lpcxpresso/tools/bin/../lib/gcc/arm-none-eabi/4.6.2/../../../../arm-none-eabi/lib/armv6-m/libcr_c.a(__fillbuf.o)
 .bss           0x0000000000000000        0x0 /Applications/lpcxpresso_6.1.2_177/lpcxpresso/tools/bin/../lib/gcc/arm-none-eabi/4.6.2/../../../../arm-none-eabi/lib/armv6-m/libcr_c.a(__fillbuf.o)
 .text._Csys_read_
                0x0000000000000000       0x22 /Applications/lpcxpresso_6.1.2_177/lpcxpresso/tools/bin/../lib/gcc/arm-none-eabi/4.6.2/../../../../arm-none-eabi/lib/armv6-m/libcr_c.a(__fillbuf.o)
 .text.__filbuf
                0x0000000000000000      0x184 /Applications/lpcxpresso_6.1.2_177/lpcxpresso/tools/bin/../lib/gcc/arm-none-eabi/4.6.2/../../../../arm-none-eabi/lib/armv6-m/libcr_c.a(__fillbuf.o)
 .text._fillb2  0x0000000000000000       0x1c /Applications/lpcxpresso_6.1.2_177/lpcxpresso/tools/bin/../lib/gcc/arm-none-eabi/4.6.2/../../../../arm-none-eabi/lib/armv6-m/libcr_c.a(__fillbuf.o)
 .text          0x0000000000000000        0x0 /Applications/lpcxpresso_6.1.2_177/lpcxpresso/tools/bin/../lib/gcc/arm-none-eabi/4.6.2/../../../../arm-none-eabi/lib/armv6-m/libcr_c.a(_deferredlazyseek.o)
 .data          0x0000000000000000        0x0 /Applications/lpcxpresso_6.1.2_177/lpcxpresso/tools/bin/../lib/gcc/arm-none-eabi/4.6.2/../../../../arm-none-eabi/lib/armv6-m/libcr_c.a(_deferredlazyseek.o)
 .bss           0x0000000000000000        0x0 /Applications/lpcxpresso_6.1.2_177/lpcxpresso/tools/bin/../lib/gcc/arm-none-eabi/4.6.2/../../../../arm-none-eabi/lib/armv6-m/libcr_c.a(_deferredlazyseek.o)
 .text          0x0000000000000000        0x0 /Applications/lpcxpresso_6.1.2_177/lpcxpresso/tools/bin/../lib/gcc/arm-none-eabi/4.6.2/../../../../arm-none-eabi/lib/armv6-m/libcr_c.a(_fflush.o)
 .data          0x0000000000000000        0x0 /Applications/lpcxpresso_6.1.2_177/lpcxpresso/tools/bin/../lib/gcc/arm-none-eabi/4.6.2/../../../../arm-none-eabi/lib/armv6-m/libcr_c.a(_fflush.o)
 .bss           0x0000000000000000        0x0 /Applications/lpcxpresso_6.1.2_177/lpcxpresso/tools/bin/../lib/gcc/arm-none-eabi/4.6.2/../../../../arm-none-eabi/lib/armv6-m/libcr_c.a(_fflush.o)
 .text          0x0000000000000000        0x0 /Applications/lpcxpresso_6.1.2_177/lpcxpresso/tools/bin/../lib/gcc/arm-none-eabi/4.6.2/../../../../arm-none-eabi/lib/armv6-m/libcr_c.a(_frexpl.o)
 .data          0x0000000000000000        0x0 /Applications/lpcxpresso_6.1.2_177/lpcxpresso/tools/bin/../lib/gcc/arm-none-eabi/4.6.2/../../../../arm-none-eabi/lib/armv6-m/libcr_c.a(_frexpl.o)
 .bss           0x0000000000000000        0x0 /Applications/lpcxpresso_6.1.2_177/lpcxpresso/tools/bin/../lib/gcc/arm-none-eabi/4.6.2/../../../../arm-none-eabi/lib/armv6-m/libcr_c.a(_frexpl.o)
 .text          0x0000000000000000        0x0 /Applications/lpcxpresso_6.1.2_177/lpcxpresso/tools/bin/../lib/gcc/arm-none-eabi/4.6.2/../../../../arm-none-eabi/lib/armv6-m/libcr_c.a(_ldexpl.o)
 .data          0x0000000000000000        0x0 /Applications/lpcxpresso_6.1.2_177/lpcxpresso/tools/bin/../lib/gcc/arm-none-eabi/4.6.2/../../../../arm-none-eabi/lib/armv6-m/libcr_c.a(_ldexpl.o)
 .bss           0x0000000000000000        0x0 /Applications/lpcxpresso_6.1.2_177/lpcxpresso/tools/bin/../lib/gcc/arm-none-eabi/4.6.2/../../../../arm-none-eabi/lib/armv6-m/libcr_c.a(_ldexpl.o)
 .text          0x0000000000000000        0x0 /Applications/lpcxpresso_6.1.2_177/lpcxpresso/tools/bin/../lib/gcc/arm-none-eabi/4.6.2/../../../../arm-none-eabi/lib/armv6-m/libcr_c.a(_writebuf.o)
 .data          0x0000000000000000        0x0 /Applications/lpcxpresso_6.1.2_177/lpcxpresso/tools/bin/../lib/gcc/arm-none-eabi/4.6.2/../../../../arm-none-eabi/lib/armv6-m/libcr_c.a(_writebuf.o)
 .bss           0x0000000000000000        0x0 /Applications/lpcxpresso_6.1.2_177/lpcxpresso/tools/bin/../lib/gcc/arm-none-eabi/4.6.2/../../../../arm-none-eabi/lib/armv6-m/libcr_c.a(_writebuf.o)
 .text          0x0000000000000000        0x0 /Applications/lpcxpresso_6.1.2_177/lpcxpresso/tools/bin/../lib/gcc/arm-none-eabi/4.6.2/../../../../arm-none-eabi/lib/armv6-m/libcr_c.a(alloc.o)
 .data          0x0000000000000000        0x0 /Applications/lpcxpresso_6.1.2_177/lpcxpresso/tools/bin/../lib/gcc/arm-none-eabi/4.6.2/../../../../arm-none-eabi/lib/armv6-m/libcr_c.a(alloc.o)
 .bss           0x0000000000000000        0x0 /Applications/lpcxpresso_6.1.2_177/lpcxpresso/tools/bin/../lib/gcc/arm-none-eabi/4.6.2/../../../../arm-none-eabi/lib/armv6-m/libcr_c.a(alloc.o)
 .text.calloc   0x0000000000000000       0x52 /Applications/lpcxpresso_6.1.2_177/lpcxpresso/tools/bin/../lib/gcc/arm-none-eabi/4.6.2/../../../../arm-none-eabi/lib/armv6-m/libcr_c.a(alloc.o)
 .text.realloc  0x0000000000000000       0x26 /Applications/lpcxpresso_6.1.2_177/lpcxpresso/tools/bin/../lib/gcc/arm-none-eabi/4.6.2/../../../../arm-none-eabi/lib/armv6-m/libcr_c.a(alloc.o)
 .text          0x0000000000000000        0x0 /Applications/lpcxpresso_6.1.2_177/lpcxpresso/tools/bin/../lib/gcc/arm-none-eabi/4.6.2/../../../../arm-none-eabi/lib/armv6-m/libcr_c.a(errno.o)
 .data          0x0000000000000000        0x0 /Applications/lpcxpresso_6.1.2_177/lpcxpresso/tools/bin/../lib/gcc/arm-none-eabi/4.6.2/../../../../arm-none-eabi/lib/armv6-m/libcr_c.a(errno.o)
 .bss           0x0000000000000000        0x0 /Applications/lpcxpresso_6.1.2_177/lpcxpresso/tools/bin/../lib/gcc/arm-none-eabi/4.6.2/../../../../arm-none-eabi/lib/armv6-m/libcr_c.a(errno.o)
 .text          0x0000000000000000        0x0 /Applications/lpcxpresso_6.1.2_177/lpcxpresso/tools/bin/../lib/gcc/arm-none-eabi/4.6.2/../../../../arm-none-eabi/lib/armv6-m/libcr_c.a(memcpy.o)
 .data          0x0000000000000000        0x0 /Applications/lpcxpresso_6.1.2_177/lpcxpresso/tools/bin/../lib/gcc/arm-none-eabi/4.6.2/../../../../arm-none-eabi/lib/armv6-m/libcr_c.a(memcpy.o)
 .bss           0x0000000000000000        0x0 /Applications/lpcxpresso_6.1.2_177/lpcxpresso/tools/bin/../lib/gcc/arm-none-eabi/4.6.2/../../../../arm-none-eabi/lib/armv6-m/libcr_c.a(memcpy.o)
 .text.memcpy   0x0000000000000000        0x8 /Applications/lpcxpresso_6.1.2_177/lpcxpresso/tools/bin/../lib/gcc/arm-none-eabi/4.6.2/../../../../arm-none-eabi/lib/armv6-m/libcr_c.a(memcpy.o)
 .text          0x0000000000000000        0x0 /Applications/lpcxpresso_6.1.2_177/lpcxpresso/tools/bin/../lib/gcc/arm-none-eabi/4.6.2/../../../../arm-none-eabi/lib/armv6-m/libcr_c.a(__init_alloc.o)
 .data          0x0000000000000000        0x0 /Applications/lpcxpresso_6.1.2_177/lpcxpresso/tools/bin/../lib/gcc/arm-none-eabi/4.6.2/../../../../arm-none-eabi/lib/armv6-m/libcr_c.a(__init_alloc.o)
 .bss           0x0000000000000000        0x0 /Applications/lpcxpresso_6.1.2_177/lpcxpresso/tools/bin/../lib/gcc/arm-none-eabi/4.6.2/../../../../arm-none-eabi/lib/armv6-m/libcr_c.a(__init_alloc.o)
 .text._init_alloc
                0x0000000000000000       0x14 /Applications/lpcxpresso_6.1.2_177/lpcxpresso/tools/bin/../lib/gcc/arm-none-eabi/4.6.2/../../../../arm-none-eabi/lib/armv6-m/libcr_c.a(__init_alloc.o)
 .text          0x0000000000000000        0x0 /Applications/lpcxpresso_6.1.2_177/lpcxpresso/tools/bin/../lib/gcc/arm-none-eabi/4.6.2/../../../../arm-none-eabi/lib/armv6-m/libcr_c.a(_hugeval.o)
 .data          0x0000000000000000        0x0 /Applications/lpcxpresso_6.1.2_177/lpcxpresso/tools/bin/../lib/gcc/arm-none-eabi/4.6.2/../../../../arm-none-eabi/lib/armv6-m/libcr_c.a(_hugeval.o)
 .bss           0x0000000000000000        0x0 /Applications/lpcxpresso_6.1.2_177/lpcxpresso/tools/bin/../lib/gcc/arm-none-eabi/4.6.2/../../../../arm-none-eabi/lib/armv6-m/libcr_c.a(_hugeval.o)
 .rodata.__huge_val
                0x0000000000000000        0x8 /Applications/lpcxpresso_6.1.2_177/lpcxpresso/tools/bin/../lib/gcc/arm-none-eabi/4.6.2/../../../../arm-none-eabi/lib/armv6-m/libcr_c.a(_hugeval.o)
 .text          0x0000000000000000        0x0 /Applications/lpcxpresso_6.1.2_177/lpcxpresso/tools/bin/../lib/gcc/arm-none-eabi/4.6.2/../../../../arm-none-eabi/lib/armv6-m/libcr_semihost.a(__sys_appexit.o)
 .data          0x0000000000000000        0x0 /Applications/lpcxpresso_6.1.2_177/lpcxpresso/tools/bin/../lib/gcc/arm-none-eabi/4.6.2/../../../../arm-none-eabi/lib/armv6-m/libcr_semihost.a(__sys_appexit.o)
 .bss           0x0000000000000000        0x0 /Applications/lpcxpresso_6.1.2_177/lpcxpresso/tools/bin/../lib/gcc/arm-none-eabi/4.6.2/../../../../arm-none-eabi/lib/armv6-m/libcr_semihost.a(__sys_appexit.o)
 .text          0x0000000000000000        0x0 /Applications/lpcxpresso_6.1.2_177/lpcxpresso/tools/bin/../lib/gcc/arm-none-eabi/4.6.2/../../../../arm-none-eabi/lib/armv6-m/libcr_semihost.a(__sys_flen.o)
 .data          0x0000000000000000        0x0 /Applications/lpcxpresso_6.1.2_177/lpcxpresso/tools/bin/../lib/gcc/arm-none-eabi/4.6.2/../../../../arm-none-eabi/lib/armv6-m/libcr_semihost.a(__sys_flen.o)
 .bss           0x0000000000000000        0x0 /Applications/lpcxpresso_6.1.2_177/lpcxpresso/tools/bin/../lib/gcc/arm-none-eabi/4.6.2/../../../../arm-none-eabi/lib/armv6-m/libcr_semihost.a(__sys_flen.o)
 .text          0x0000000000000000        0x0 /Applications/lpcxpresso_6.1.2_177/lpcxpresso/tools/bin/../lib/gcc/arm-none-eabi/4.6.2/../../../../arm-none-eabi/lib/armv6-m/libcr_semihost.a(__sys_istty.o)
 .data          0x0000000000000000        0x0 /Applications/lpcxpresso_6.1.2_177/lpcxpresso/tools/bin/../lib/gcc/arm-none-eabi/4.6.2/../../../../arm-none-eabi/lib/armv6-m/libcr_semihost.a(__sys_istty.o)
 .bss           0x0000000000000000        0x0 /Applications/lpcxpresso_6.1.2_177/lpcxpresso/tools/bin/../lib/gcc/arm-none-eabi/4.6.2/../../../../arm-none-eabi/lib/armv6-m/libcr_semihost.a(__sys_istty.o)
 .text          0x0000000000000000        0x0 /Applications/lpcxpresso_6.1.2_177/lpcxpresso/tools/bin/../lib/gcc/arm-none-eabi/4.6.2/../../../../arm-none-eabi/lib/armv6-m/libcr_semihost.a(__sys_read.o)
 .data          0x0000000000000000        0x0 /Applications/lpcxpresso_6.1.2_177/lpcxpresso/tools/bin/../lib/gcc/arm-none-eabi/4.6.2/../../../../arm-none-eabi/lib/armv6-m/libcr_semihost.a(__sys_read.o)
 .bss           0x0000000000000000        0x0 /Applications/lpcxpresso_6.1.2_177/lpcxpresso/tools/bin/../lib/gcc/arm-none-eabi/4.6.2/../../../../arm-none-eabi/lib/armv6-m/libcr_semihost.a(__sys_read.o)
 .text.__sys_read
                0x0000000000000000        0xc /Applications/lpcxpresso_6.1.2_177/lpcxpresso/tools/bin/../lib/gcc/arm-none-eabi/4.6.2/../../../../arm-none-eabi/lib/armv6-m/libcr_semihost.a(__sys_read.o)
 .text          0x0000000000000000        0x0 /Applications/lpcxpresso_6.1.2_177/lpcxpresso/tools/bin/../lib/gcc/arm-none-eabi/4.6.2/../../../../arm-none-eabi/lib/armv6-m/libcr_semihost.a(__sys_readc.o)
 .data          0x0000000000000000        0x0 /Applications/lpcxpresso_6.1.2_177/lpcxpresso/tools/bin/../lib/gcc/arm-none-eabi/4.6.2/../../../../arm-none-eabi/lib/armv6-m/libcr_semihost.a(__sys_readc.o)
 .bss           0x0000000000000000        0x0 /Applications/lpcxpresso_6.1.2_177/lpcxpresso/tools/bin/../lib/gcc/arm-none-eabi/4.6.2/../../../../arm-none-eabi/lib/armv6-m/libcr_semihost.a(__sys_readc.o)
 .text.__sys_readc
                0x0000000000000000        0x8 /Applications/lpcxpresso_6.1.2_177/lpcxpresso/tools/bin/../lib/gcc/arm-none-eabi/4.6.2/../../../../arm-none-eabi/lib/armv6-m/libcr_semihost.a(__sys_readc.o)
 .text          0x0000000000000000        0x0 /Applications/lpcxpresso_6.1.2_177/lpcxpresso/tools/bin/../lib/gcc/arm-none-eabi/4.6.2/../../../../arm-none-eabi/lib/armv6-m/libcr_semihost.a(__sys_seek.o)
 .data          0x0000000000000000        0x0 /Applications/lpcxpresso_6.1.2_177/lpcxpresso/tools/bin/../lib/gcc/arm-none-eabi/4.6.2/../../../../arm-none-eabi/lib/armv6-m/libcr_semihost.a(__sys_seek.o)
 .bss           0x0000000000000000        0x0 /Applications/lpcxpresso_6.1.2_177/lpcxpresso/tools/bin/../lib/gcc/arm-none-eabi/4.6.2/../../../../arm-none-eabi/lib/armv6-m/libcr_semihost.a(__sys_seek.o)
 .text          0x0000000000000000        0x0 /Applications/lpcxpresso_6.1.2_177/lpcxpresso/tools/bin/../lib/gcc/arm-none-eabi/4.6.2/../../../../arm-none-eabi/lib/armv6-m/libcr_semihost.a(__sys_write.o)
 .data          0x0000000000000000        0x0 /Applications/lpcxpresso_6.1.2_177/lpcxpresso/tools/bin/../lib/gcc/arm-none-eabi/4.6.2/../../../../arm-none-eabi/lib/armv6-m/libcr_semihost.a(__sys_write.o)
 .bss           0x0000000000000000        0x0 /Applications/lpcxpresso_6.1.2_177/lpcxpresso/tools/bin/../lib/gcc/arm-none-eabi/4.6.2/../../../../arm-none-eabi/lib/armv6-m/libcr_semihost.a(__sys_write.o)
 .text          0x0000000000000000        0x0 /Applications/lpcxpresso_6.1.2_177/lpcxpresso/tools/bin/../lib/gcc/arm-none-eabi/4.6.2/../../../../arm-none-eabi/lib/armv6-m/libcr_semihost.a(_cr_sbrk.o)
 .data          0x0000000000000000        0x0 /Applications/lpcxpresso_6.1.2_177/lpcxpresso/tools/bin/../lib/gcc/arm-none-eabi/4.6.2/../../../../arm-none-eabi/lib/armv6-m/libcr_semihost.a(_cr_sbrk.o)
 .bss           0x0000000000000000        0x0 /Applications/lpcxpresso_6.1.2_177/lpcxpresso/tools/bin/../lib/gcc/arm-none-eabi/4.6.2/../../../../arm-none-eabi/lib/armv6-m/libcr_semihost.a(_cr_sbrk.o)
 .text          0x0000000000000000        0x0 /Applications/lpcxpresso_6.1.2_177/lpcxpresso/tools/bin/../lib/gcc/arm-none-eabi/4.6.2/../../../../arm-none-eabi/lib/armv6-m/libcr_semihost.a(_cr_check_heap.o)
 .data          0x0000000000000000        0x0 /Applications/lpcxpresso_6.1.2_177/lpcxpresso/tools/bin/../lib/gcc/arm-none-eabi/4.6.2/../../../../arm-none-eabi/lib/armv6-m/libcr_semihost.a(_cr_check_heap.o)
 .bss           0x0000000000000000        0x0 /Applications/lpcxpresso_6.1.2_177/lpcxpresso/tools/bin/../lib/gcc/arm-none-eabi/4.6.2/../../../../arm-none-eabi/lib/armv6-m/libcr_semihost.a(_cr_check_heap.o)
 .text          0x0000000000000000        0x0 /Applications/lpcxpresso_6.1.2_177/lpcxpresso/tools/bin/../lib/gcc/arm-none-eabi/4.6.2/armv6-m/libcr_eabihelpers.a(division.o)
 .data          0x0000000000000000        0x0 /Applications/lpcxpresso_6.1.2_177/lpcxpresso/tools/bin/../lib/gcc/arm-none-eabi/4.6.2/armv6-m/libcr_eabihelpers.a(division.o)
 .bss           0x0000000000000000        0x0 /Applications/lpcxpresso_6.1.2_177/lpcxpresso/tools/bin/../lib/gcc/arm-none-eabi/4.6.2/armv6-m/libcr_eabihelpers.a(division.o)
 .text.__aeabi_division_uldivmod
                0x0000000000000000       0x5a /Applications/lpcxpresso_6.1.2_177/lpcxpresso/tools/bin/../lib/gcc/arm-none-eabi/4.6.2/armv6-m/libcr_eabihelpers.a(division.o)
 .text.__aeabi_division_ldivmod
                0x0000000000000000       0x32 /Applications/lpcxpresso_6.1.2_177/lpcxpresso/tools/bin/../lib/gcc/arm-none-eabi/4.6.2/armv6-m/libcr_eabihelpers.a(division.o)
 .text.__aeabi_division_ldiv0
                0x0000000000000000        0x2 /Applications/lpcxpresso_6.1.2_177/lpcxpresso/tools/bin/../lib/gcc/arm-none-eabi/4.6.2/armv6-m/libcr_eabihelpers.a(division.o)
 .text.__aeabi_division_idivq31+15
                0x0000000000000000      0x188 /Applications/lpcxpresso_6.1.2_177/lpcxpresso/tools/bin/../lib/gcc/arm-none-eabi/4.6.2/armv6-m/libcr_eabihelpers.a(division.o)
 .text          0x0000000000000000        0x0 /Applications/lpcxpresso_6.1.2_177/lpcxpresso/tools/bin/../lib/gcc/arm-none-eabi/4.6.2/armv6-m/libcr_eabihelpers.a(double.o)
 .data          0x0000000000000000        0x0 /Applications/lpcxpresso_6.1.2_177/lpcxpresso/tools/bin/../lib/gcc/arm-none-eabi/4.6.2/armv6-m/libcr_eabihelpers.a(double.o)
 .bss           0x0000000000000000        0x0 /Applications/lpcxpresso_6.1.2_177/lpcxpresso/tools/bin/../lib/gcc/arm-none-eabi/4.6.2/armv6-m/libcr_eabihelpers.a(double.o)
 .text.__aeabi_drsub
                0x0000000000000000       0x28 /Applications/lpcxpresso_6.1.2_177/lpcxpresso/tools/bin/../lib/gcc/arm-none-eabi/4.6.2/armv6-m/libcr_eabihelpers.a(double.o)
 .text.__aeabi_dneg
                0x0000000000000000       0x10 /Applications/lpcxpresso_6.1.2_177/lpcxpresso/tools/bin/../lib/gcc/arm-none-eabi/4.6.2/armv6-m/libcr_eabihelpers.a(double.o)
 .text.__aeabi_d2f
                0x0000000000000000       0x5c /Applications/lpcxpresso_6.1.2_177/lpcxpresso/tools/bin/../lib/gcc/arm-none-eabi/4.6.2/armv6-m/libcr_eabihelpers.a(double.o)
 .text.__aeabi_d2uiz
                0x0000000000000000       0x38 /Applications/lpcxpresso_6.1.2_177/lpcxpresso/tools/bin/../lib/gcc/arm-none-eabi/4.6.2/armv6-m/libcr_eabihelpers.a(double.o)
 .text.__aeabi_d2lz
                0x0000000000000000       0x78 /Applications/lpcxpresso_6.1.2_177/lpcxpresso/tools/bin/../lib/gcc/arm-none-eabi/4.6.2/armv6-m/libcr_eabihelpers.a(double.o)
 .text.__aeabi_d2ulz
                0x0000000000000000       0x58 /Applications/lpcxpresso_6.1.2_177/lpcxpresso/tools/bin/../lib/gcc/arm-none-eabi/4.6.2/armv6-m/libcr_eabihelpers.a(double.o)
 .text.__bhs_ul2d
                0x0000000000000000       0xb4 /Applications/lpcxpresso_6.1.2_177/lpcxpresso/tools/bin/../lib/gcc/arm-none-eabi/4.6.2/armv6-m/libcr_eabihelpers.a(double.o)
 .text.__aeabi_l2d
                0x0000000000000000       0x20 /Applications/lpcxpresso_6.1.2_177/lpcxpresso/tools/bin/../lib/gcc/arm-none-eabi/4.6.2/armv6-m/libcr_eabihelpers.a(double.o)
 .text.__aeabi_ul2d
                0x0000000000000000        0xc /Applications/lpcxpresso_6.1.2_177/lpcxpresso/tools/bin/../lib/gcc/arm-none-eabi/4.6.2/armv6-m/libcr_eabihelpers.a(double.o)
 .text.__aeabi_dcmpgt
                0x0000000000000000       0x64 /Applications/lpcxpresso_6.1.2_177/lpcxpresso/tools/bin/../lib/gcc/arm-none-eabi/4.6.2/armv6-m/libcr_eabihelpers.a(double.o)
 .text.__aeabi_dcmpun
                0x0000000000000000       0x1c /Applications/lpcxpresso_6.1.2_177/lpcxpresso/tools/bin/../lib/gcc/arm-none-eabi/4.6.2/armv6-m/libcr_eabihelpers.a(double.o)
 .text.__aeabi_cdcmple
                0x0000000000000000       0x2e /Applications/lpcxpresso_6.1.2_177/lpcxpresso/tools/bin/../lib/gcc/arm-none-eabi/4.6.2/armv6-m/libcr_eabihelpers.a(double.o)
 .text.__aeabi_cdrcmple
                0x0000000000000000       0x14 /Applications/lpcxpresso_6.1.2_177/lpcxpresso/tools/bin/../lib/gcc/arm-none-eabi/4.6.2/armv6-m/libcr_eabihelpers.a(double.o)
 .text          0x0000000000000000        0x0 /Applications/lpcxpresso_6.1.2_177/lpcxpresso/tools/bin/../lib/gcc/arm-none-eabi/4.6.2/armv6-m/libcr_eabihelpers.a(llong.o)
 .data          0x0000000000000000        0x0 /Applications/lpcxpresso_6.1.2_177/lpcxpresso/tools/bin/../lib/gcc/arm-none-eabi/4.6.2/armv6-m/libcr_eabihelpers.a(llong.o)
 .bss           0x0000000000000000        0x0 /Applications/lpcxpresso_6.1.2_177/lpcxpresso/tools/bin/../lib/gcc/arm-none-eabi/4.6.2/armv6-m/libcr_eabihelpers.a(llong.o)
 .text.__aeabi_llong_llsl
                0x0000000000000000       0x18 /Applications/lpcxpresso_6.1.2_177/lpcxpresso/tools/bin/../lib/gcc/arm-none-eabi/4.6.2/armv6-m/libcr_eabihelpers.a(llong.o)
 .text.__aeabi_llong_llsr
                0x0000000000000000       0x18 /Applications/lpcxpresso_6.1.2_177/lpcxpresso/tools/bin/../lib/gcc/arm-none-eabi/4.6.2/armv6-m/libcr_eabihelpers.a(llong.o)
 .text.__aeabi_llong_lasr
                0x0000000000000000       0x18 /Applications/lpcxpresso_6.1.2_177/lpcxpresso/tools/bin/../lib/gcc/arm-none-eabi/4.6.2/armv6-m/libcr_eabihelpers.a(llong.o)
 .text.__aeabi_llong_lcmp
                0x0000000000000000       0x14 /Applications/lpcxpresso_6.1.2_177/lpcxpresso/tools/bin/../lib/gcc/arm-none-eabi/4.6.2/armv6-m/libcr_eabihelpers.a(llong.o)
 .text.__aeabi_llong_ulcmp
                0x0000000000000000       0x10 /Applications/lpcxpresso_6.1.2_177/lpcxpresso/tools/bin/../lib/gcc/arm-none-eabi/4.6.2/armv6-m/libcr_eabihelpers.a(llong.o)
 .text          0x0000000000000000        0x0 /Applications/lpcxpresso_6.1.2_177/lpcxpresso/tools/bin/../lib/gcc/arm-none-eabi/4.6.2/armv6-m/libcr_eabihelpers.a(memcpy.o)
 .data          0x0000000000000000        0x0 /Applications/lpcxpresso_6.1.2_177/lpcxpresso/tools/bin/../lib/gcc/arm-none-eabi/4.6.2/armv6-m/libcr_eabihelpers.a(memcpy.o)
 .bss           0x0000000000000000        0x0 /Applications/lpcxpresso_6.1.2_177/lpcxpresso/tools/bin/../lib/gcc/arm-none-eabi/4.6.2/armv6-m/libcr_eabihelpers.a(memcpy.o)
 .text.__aeabi_memcpy
                0x0000000000000000       0x2c /Applications/lpcxpresso_6.1.2_177/lpcxpresso/tools/bin/../lib/gcc/arm-none-eabi/4.6.2/armv6-m/libcr_eabihelpers.a(memcpy.o)
 .text.__aeabi_memmove
                0x0000000000000000       0x1c /Applications/lpcxpresso_6.1.2_177/lpcxpresso/tools/bin/../lib/gcc/arm-none-eabi/4.6.2/armv6-m/libcr_eabihelpers.a(memcpy.o)
 .text.__aeabi_memclr
                0x0000000000000000        0x6 /Applications/lpcxpresso_6.1.2_177/lpcxpresso/tools/bin/../lib/gcc/arm-none-eabi/4.6.2/armv6-m/libcr_eabihelpers.a(memcpy.o)
 .text.__aeabi_memset
                0x0000000000000000        0x8 /Applications/lpcxpresso_6.1.2_177/lpcxpresso/tools/bin/../lib/gcc/arm-none-eabi/4.6.2/armv6-m/libcr_eabihelpers.a(memcpy.o)

Memory Configuration

Name             Origin             Length             Attributes
MFlash32         0x0000000000000000 0x0000000000008000 xr
RamLoc8          0x0000000010000000 0x0000000000002000 xrw
*default*        0x0000000000000000 0xffffffffffffffff

Linker script and memory map

LOAD ./startup/cr_startup_lpc11.o
LOAD ./src/adc_main.o
LOAD ./driver/adc.o
LOAD ./driver/crp.o
LOAD ./driver/debug_printf.o
LOAD ./driver/gpio.o
LOAD ./driver/timer16.o
LOAD ./driver/timer32.o
LOAD ./cmsis/core_cm0.o
LOAD ./cmsis/system_LPC11xx.o
LOAD /Users/madisonrockwell/Documents/LPCXpresso_6.1.2/workspace/lib_small_printf_m0/Lib/liblib_small_printf_m0.a
START GROUP
LOAD /Applications/lpcxpresso_6.1.2_177/lpcxpresso/tools/bin/../lib/gcc/arm-none-eabi/4.6.2/../../../../arm-none-eabi/lib/armv6-m/libcr_c.a
LOAD /Applications/lpcxpresso_6.1.2_177/lpcxpresso/tools/bin/../lib/gcc/arm-none-eabi/4.6.2/../../../../arm-none-eabi/lib/armv6-m/libcr_semihost.a
LOAD /Applications/lpcxpresso_6.1.2_177/lpcxpresso/tools/bin/../lib/gcc/arm-none-eabi/4.6.2/armv6-m/libcr_eabihelpers.a
END GROUP
                0x0000000000008000                __top_MFlash32 = 0x8000
                0x0000000010002000                __top_RamLoc8 = 0x10002000

.text           0x0000000000000000     0x33c8
 FILL mask 0xff
 *(.isr_vector)
 .isr_vector    0x0000000000000000       0xc0 ./startup/cr_startup_lpc11.o
                0x0000000000000000                g_pfnVectors
 *(.text.Reset_Handler .text.SystemInit)
 .text.SystemInit
                0x00000000000000c0       0xb0 ./cmsis/system_LPC11xx.o
                0x00000000000000c0                SystemInit
                0x00000000000002fc                . = 0x2fc
 *fill*         0x0000000000000170      0x18c ff
 *(.crp)
 .crp           0x00000000000002fc        0x4 ./driver/crp.o
                0x00000000000002fc                CRP_WORD
 *(.text*)
 .text.ResetISR
                0x0000000000000300       0x64 ./startup/cr_startup_lpc11.o
                0x0000000000000300                ResetISR
 .text.NMI_Handler
                0x0000000000000364        0x8 ./startup/cr_startup_lpc11.o
                0x0000000000000364                NMI_Handler
 .text.HardFault_Handler
                0x000000000000036c        0x8 ./startup/cr_startup_lpc11.o
                0x000000000000036c                HardFault_Handler
 .text.SVCall_Handler
                0x0000000000000374        0x8 ./startup/cr_startup_lpc11.o
                0x0000000000000374                SVCall_Handler
 .text.PendSV_Handler
                0x000000000000037c        0x8 ./startup/cr_startup_lpc11.o
                0x000000000000037c                PendSV_Handler
 .text.SysTick_Handler
                0x0000000000000384        0x8 ./startup/cr_startup_lpc11.o
                0x0000000000000384                SysTick_Handler
 .text.IntDefaultHandler
                0x000000000000038c        0x8 ./startup/cr_startup_lpc11.o
                0x000000000000038c                PIOINT3_IRQHandler
                0x000000000000038c                UART_IRQHandler
                0x000000000000038c                TIMER32_1_IRQHandler
                0x000000000000038c                IntDefaultHandler
                0x000000000000038c                PIOINT1_IRQHandler
                0x000000000000038c                CAN_IRQHandler
                0x000000000000038c                SSP0_IRQHandler
                0x000000000000038c                TIMER16_1_IRQHandler
                0x000000000000038c                SSP1_IRQHandler
                0x000000000000038c                PIOINT2_IRQHandler
                0x000000000000038c                BOD_IRQHandler
                0x000000000000038c                WAKEUP_IRQHandler
                0x000000000000038c                PIOINT0_IRQHandler
                0x000000000000038c                I2C_IRQHandler
                0x000000000000038c                WDT_IRQHandler
                0x000000000000038c                TIMER16_0_IRQHandler
 *fill*         0x0000000000000394        0x4 00
 .text.main     0x0000000000000398      0x158 ./src/adc_main.o
                0x0000000000000398                main
 .text.NVIC_EnableIRQ
                0x00000000000004f0       0x2c ./driver/adc.o
 .text.ADC_IRQHandler
                0x000000000000051c       0xe8 ./driver/adc.o
                0x000000000000051c                ADC_IRQHandler
 .text.ADCInit  0x0000000000000604      0x138 ./driver/adc.o
                0x0000000000000604                ADCInit
 .text.ADCRead  0x000000000000073c       0x54 ./driver/adc.o
                0x000000000000073c                ADCRead
 .text.GPIOInit
                0x0000000000000790       0x1c ./driver/gpio.o
                0x0000000000000790                GPIOInit
 .text.GPIOSetValue
                0x00000000000007ac       0x38 ./driver/gpio.o
                0x00000000000007ac                GPIOSetValue
 .text.GPIOSetDir
                0x00000000000007e4       0x74 ./driver/gpio.o
                0x00000000000007e4                GPIOSetDir
 .text.NVIC_EnableIRQ
                0x0000000000000858       0x2c ./driver/timer32.o
 .text.TIMER32_0_IRQHandler
                0x0000000000000884       0x50 ./driver/timer32.o
                0x0000000000000884                TIMER32_0_IRQHandler
 .text.enable_timer32
                0x00000000000008d4       0x30 ./driver/timer32.o
                0x00000000000008d4                enable_timer32
 .text.init_timer32
                0x0000000000000904      0x140 ./driver/timer32.o
                0x0000000000000904                init_timer32
 .text.SystemCoreClockUpdate
                0x0000000000000a44       0xac ./cmsis/system_LPC11xx.o
                0x0000000000000a44                SystemCoreClockUpdate
 .text.__weak_main
                0x0000000000000af0        0x8 /Applications/lpcxpresso_6.1.2_177/lpcxpresso/tools/bin/../lib/gcc/arm-none-eabi/4.6.2/../../../../arm-none-eabi/lib/armv6-m/libcr_c.a(__weak__main.o)
                0x0000000000000af0                __main
                0x0000000000000af0                __weak_main
 .text.lose_trailing_zeros
                0x0000000000000af8       0x22 /Applications/lpcxpresso_6.1.2_177/lpcxpresso/tools/bin/../lib/gcc/arm-none-eabi/4.6.2/../../../../arm-none-eabi/lib/armv6-m/libcr_c.a(fpprintf.o)
 .text.fp_round
                0x0000000000000b1a       0x4c /Applications/lpcxpresso_6.1.2_177/lpcxpresso/tools/bin/../lib/gcc/arm-none-eabi/4.6.2/../../../../arm-none-eabi/lib/armv6-m/libcr_c.a(fpprintf.o)
 .text.pr_dec.constprop.1
                0x0000000000000b66       0x2a /Applications/lpcxpresso_6.1.2_177/lpcxpresso/tools/bin/../lib/gcc/arm-none-eabi/4.6.2/../../../../arm-none-eabi/lib/armv6-m/libcr_c.a(fpprintf.o)
 .text.sprintf  0x0000000000000b90       0x78 /Applications/lpcxpresso_6.1.2_177/lpcxpresso/tools/bin/../lib/gcc/arm-none-eabi/4.6.2/../../../../arm-none-eabi/lib/armv6-m/libcr_c.a(fpprintf.o)
                0x0000000000000b90                sprintf
 .text.fp_display
                0x0000000000000c08      0x978 /Applications/lpcxpresso_6.1.2_177/lpcxpresso/tools/bin/../lib/gcc/arm-none-eabi/4.6.2/../../../../arm-none-eabi/lib/armv6-m/libcr_c.a(fpprintf.o)
 .text.vsnprintf
                0x0000000000001580       0x5c /Applications/lpcxpresso_6.1.2_177/lpcxpresso/tools/bin/../lib/gcc/arm-none-eabi/4.6.2/../../../../arm-none-eabi/lib/armv6-m/libcr_c.a(fpprintf.o)
                0x0000000000001580                vsnprintf
 .text.printf   0x00000000000015dc       0x50 /Applications/lpcxpresso_6.1.2_177/lpcxpresso/tools/bin/../lib/gcc/arm-none-eabi/4.6.2/../../../../arm-none-eabi/lib/armv6-m/libcr_c.a(fpprintf.o)
                0x00000000000015dc                printf
 .text.__vfprintf
                0x000000000000162c      0xe18 /Applications/lpcxpresso_6.1.2_177/lpcxpresso/tools/bin/../lib/gcc/arm-none-eabi/4.6.2/../../../../arm-none-eabi/lib/armv6-m/libcr_c.a(printf.o)
                0x000000000000162c                __vfprintf
 .text.strlen   0x0000000000002444       0x58 /Applications/lpcxpresso_6.1.2_177/lpcxpresso/tools/bin/../lib/gcc/arm-none-eabi/4.6.2/../../../../arm-none-eabi/lib/armv6-m/libcr_c.a(strlen.o)
                0x0000000000002444                strlen
 .text.memset   0x000000000000249c        0x8 /Applications/lpcxpresso_6.1.2_177/lpcxpresso/tools/bin/../lib/gcc/arm-none-eabi/4.6.2/../../../../arm-none-eabi/lib/armv6-m/libcr_c.a(memset.o)
                0x000000000000249c                memset
 .text._deferredlazyseek
                0x00000000000024a4       0x44 /Applications/lpcxpresso_6.1.2_177/lpcxpresso/tools/bin/../lib/gcc/arm-none-eabi/4.6.2/../../../../arm-none-eabi/lib/armv6-m/libcr_c.a(_deferredlazyseek.o)
                0x00000000000024a4                _deferredlazyseek
 .text.__flsbuf
                0x00000000000024e8      0x154 /Applications/lpcxpresso_6.1.2_177/lpcxpresso/tools/bin/../lib/gcc/arm-none-eabi/4.6.2/../../../../arm-none-eabi/lib/armv6-m/libcr_c.a(_deferredlazyseek.o)
                0x00000000000024e8                __flsbuf
 .text._fflush  0x000000000000263c       0x60 /Applications/lpcxpresso_6.1.2_177/lpcxpresso/tools/bin/../lib/gcc/arm-none-eabi/4.6.2/../../../../arm-none-eabi/lib/armv6-m/libcr_c.a(_fflush.o)
                0x000000000000263c                _fflush
 *fill*         0x000000000000269c        0x4 00
 .text._frexpl  0x00000000000026a0       0x88 /Applications/lpcxpresso_6.1.2_177/lpcxpresso/tools/bin/../lib/gcc/arm-none-eabi/4.6.2/../../../../arm-none-eabi/lib/armv6-m/libcr_c.a(_frexpl.o)
                0x00000000000026a0                _frexpl
 .text._ldexpl  0x0000000000002728       0x68 /Applications/lpcxpresso_6.1.2_177/lpcxpresso/tools/bin/../lib/gcc/arm-none-eabi/4.6.2/../../../../arm-none-eabi/lib/armv6-m/libcr_c.a(_ldexpl.o)
                0x0000000000002728                _ldexpl
 .text._Cwritebuf
                0x0000000000002790       0x6c /Applications/lpcxpresso_6.1.2_177/lpcxpresso/tools/bin/../lib/gcc/arm-none-eabi/4.6.2/../../../../arm-none-eabi/lib/armv6-m/libcr_c.a(_writebuf.o)
                0x0000000000002790                _Cwritebuf
 .text.malloc   0x00000000000027fc       0xbc /Applications/lpcxpresso_6.1.2_177/lpcxpresso/tools/bin/../lib/gcc/arm-none-eabi/4.6.2/../../../../arm-none-eabi/lib/armv6-m/libcr_c.a(alloc.o)
                0x00000000000027fc                malloc
 .text.free     0x00000000000028b8       0x10 /Applications/lpcxpresso_6.1.2_177/lpcxpresso/tools/bin/../lib/gcc/arm-none-eabi/4.6.2/../../../../arm-none-eabi/lib/armv6-m/libcr_c.a(alloc.o)
                0x00000000000028b8                free
 .text._Csys_alloc
                0x00000000000028c8       0x20 /Applications/lpcxpresso_6.1.2_177/lpcxpresso/tools/bin/../lib/gcc/arm-none-eabi/4.6.2/../../../../arm-none-eabi/lib/armv6-m/libcr_c.a(alloc.o)
                0x00000000000028c8                _Csys_alloc
 .text.__sys_appexit
                0x00000000000028e8        0xc /Applications/lpcxpresso_6.1.2_177/lpcxpresso/tools/bin/../lib/gcc/arm-none-eabi/4.6.2/../../../../arm-none-eabi/lib/armv6-m/libcr_semihost.a(__sys_appexit.o)
                0x00000000000028e8                __exit
                0x00000000000028e8                __sys_appexit
 .text.__sys_flen
                0x00000000000028f4        0xc /Applications/lpcxpresso_6.1.2_177/lpcxpresso/tools/bin/../lib/gcc/arm-none-eabi/4.6.2/../../../../arm-none-eabi/lib/armv6-m/libcr_semihost.a(__sys_flen.o)
                0x00000000000028f4                __sys_flen
 .text.__sys_istty
                0x0000000000002900        0xc /Applications/lpcxpresso_6.1.2_177/lpcxpresso/tools/bin/../lib/gcc/arm-none-eabi/4.6.2/../../../../arm-none-eabi/lib/armv6-m/libcr_semihost.a(__sys_istty.o)
                0x0000000000002900                __sys_istty
 .text.__sys_seek
                0x000000000000290c        0xc /Applications/lpcxpresso_6.1.2_177/lpcxpresso/tools/bin/../lib/gcc/arm-none-eabi/4.6.2/../../../../arm-none-eabi/lib/armv6-m/libcr_semihost.a(__sys_seek.o)
                0x000000000000290c                __sys_seek
 .text.__sys_write
                0x0000000000002918        0xc /Applications/lpcxpresso_6.1.2_177/lpcxpresso/tools/bin/../lib/gcc/arm-none-eabi/4.6.2/../../../../arm-none-eabi/lib/armv6-m/libcr_semihost.a(__sys_write.o)
                0x0000000000002918                __write
                0x0000000000002918                __sys_write
 .text._sbrk    0x0000000000002924       0x40 /Applications/lpcxpresso_6.1.2_177/lpcxpresso/tools/bin/../lib/gcc/arm-none-eabi/4.6.2/../../../../arm-none-eabi/lib/armv6-m/libcr_semihost.a(_cr_sbrk.o)
                0x0000000000002924                _sbrk
 .text.__check_heap_overflow
                0x0000000000002964       0x2c /Applications/lpcxpresso_6.1.2_177/lpcxpresso/tools/bin/../lib/gcc/arm-none-eabi/4.6.2/../../../../arm-none-eabi/lib/armv6-m/libcr_semihost.a(_cr_check_heap.o)
                0x0000000000002964                __check_heap_overflow
 .text.__aeabi_division_idivmod
                0x0000000000002990        0x6 /Applications/lpcxpresso_6.1.2_177/lpcxpresso/tools/bin/../lib/gcc/arm-none-eabi/4.6.2/armv6-m/libcr_eabihelpers.a(division.o)
                0x0000000000002990                __aeabi_idiv
                0x0000000000002990                __aeabi_idivmod
 .text.__aeabi_division_uidivmod
                0x0000000000002996       0x72 /Applications/lpcxpresso_6.1.2_177/lpcxpresso/tools/bin/../lib/gcc/arm-none-eabi/4.6.2/armv6-m/libcr_eabihelpers.a(division.o)
                0x0000000000002996                __aeabi_uidiv
                0x0000000000002996                __aeabi_uidivmod
 .text.__aeabi_division_idiv0
                0x0000000000002a08        0x2 /Applications/lpcxpresso_6.1.2_177/lpcxpresso/tools/bin/../lib/gcc/arm-none-eabi/4.6.2/armv6-m/libcr_eabihelpers.a(division.o)
                0x0000000000002a08                __aeabi_idiv0
 *fill*         0x0000000000002a0a        0x6 00
 .text.__aeabi_dmul
                0x0000000000002a10      0x180 /Applications/lpcxpresso_6.1.2_177/lpcxpresso/tools/bin/../lib/gcc/arm-none-eabi/4.6.2/armv6-m/libcr_eabihelpers.a(double.o)
                0x0000000000002a10                __aeabi_dmul
 .text.__aeabi_ddiv
                0x0000000000002b90      0x178 /Applications/lpcxpresso_6.1.2_177/lpcxpresso/tools/bin/../lib/gcc/arm-none-eabi/4.6.2/armv6-m/libcr_eabihelpers.a(double.o)
                0x0000000000002b90                __aeabi_ddiv
 .text.__aeabi_dsub
                0x0000000000002d08      0x1d8 /Applications/lpcxpresso_6.1.2_177/lpcxpresso/tools/bin/../lib/gcc/arm-none-eabi/4.6.2/armv6-m/libcr_eabihelpers.a(double.o)
                0x0000000000002d08                __aeabi_dsub
 .text.__aeabi_dadd
                0x0000000000002ee0      0x140 /Applications/lpcxpresso_6.1.2_177/lpcxpresso/tools/bin/../lib/gcc/arm-none-eabi/4.6.2/armv6-m/libcr_eabihelpers.a(double.o)
                0x0000000000002ee0                __aeabi_dadd
 .text.__aeabi_d2iz
                0x0000000000003020       0x4c /Applications/lpcxpresso_6.1.2_177/lpcxpresso/tools/bin/../lib/gcc/arm-none-eabi/4.6.2/armv6-m/libcr_eabihelpers.a(double.o)
                0x0000000000003020                __aeabi_d2iz
 .text.__bhs_ui2d
                0x000000000000306c       0x5e /Applications/lpcxpresso_6.1.2_177/lpcxpresso/tools/bin/../lib/gcc/arm-none-eabi/4.6.2/armv6-m/libcr_eabihelpers.a(double.o)
                0x000000000000306c                __bhs_ui2d
 .text.__aeabi_i2d
                0x00000000000030ca       0x16 /Applications/lpcxpresso_6.1.2_177/lpcxpresso/tools/bin/../lib/gcc/arm-none-eabi/4.6.2/armv6-m/libcr_eabihelpers.a(double.o)
                0x00000000000030ca                __aeabi_i2d
 .text.__aeabi_ui2d
                0x00000000000030e0        0xc /Applications/lpcxpresso_6.1.2_177/lpcxpresso/tools/bin/../lib/gcc/arm-none-eabi/4.6.2/armv6-m/libcr_eabihelpers.a(double.o)
                0x00000000000030e0                __aeabi_ui2d
 .text.__aeabi_dcmpeq
                0x00000000000030ec       0x40 /Applications/lpcxpresso_6.1.2_177/lpcxpresso/tools/bin/../lib/gcc/arm-none-eabi/4.6.2/armv6-m/libcr_eabihelpers.a(double.o)
                0x00000000000030ec                __aeabi_dcmpeq
 .text.__aeabi_dcmplt
                0x000000000000312c       0x64 /Applications/lpcxpresso_6.1.2_177/lpcxpresso/tools/bin/../lib/gcc/arm-none-eabi/4.6.2/armv6-m/libcr_eabihelpers.a(double.o)
                0x000000000000312c                __aeabi_dcmplt
 .text.__aeabi_dcmple
                0x0000000000003190       0x64 /Applications/lpcxpresso_6.1.2_177/lpcxpresso/tools/bin/../lib/gcc/arm-none-eabi/4.6.2/armv6-m/libcr_eabihelpers.a(double.o)
                0x0000000000003190                __aeabi_dcmple
 .text.__aeabi_dcmpge
                0x00000000000031f4       0x64 /Applications/lpcxpresso_6.1.2_177/lpcxpresso/tools/bin/../lib/gcc/arm-none-eabi/4.6.2/armv6-m/libcr_eabihelpers.a(double.o)
                0x00000000000031f4                __aeabi_dcmpge
 .text.__aeabi_llong_lmul
                0x0000000000003258       0x2e /Applications/lpcxpresso_6.1.2_177/lpcxpresso/tools/bin/../lib/gcc/arm-none-eabi/4.6.2/armv6-m/libcr_eabihelpers.a(llong.o)
                0x0000000000003258                __aeabi_lmul
 .text.__aeabi_memset_lowlevel
                0x0000000000003286       0x2a /Applications/lpcxpresso_6.1.2_177/lpcxpresso/tools/bin/../lib/gcc/arm-none-eabi/4.6.2/armv6-m/libcr_eabihelpers.a(memcpy.o)
                0x0000000000003286                __aeabi_lowlevel_memset
 .text.__aeabi_memset_lowlevel.stub
                0x00000000000032b0        0x8 linker stubs
 *(.rodata*)
 .rodata        0x00000000000032b8       0x38 ./src/adc_main.o
 .rodata.LPC_GPIO
                0x00000000000032f0       0x10 ./driver/gpio.o
 .rodata.CSWTCH.7
                0x0000000000003300       0x40 ./cmsis/system_LPC11xx.o
 .rodata.str1.1
                0x0000000000003340       0x34 /Applications/lpcxpresso_6.1.2_177/lpcxpresso/tools/bin/../lib/gcc/arm-none-eabi/4.6.2/../../../../arm-none-eabi/lib/armv6-m/libcr_c.a(fpprintf.o)
                                         0x35 (size before relaxing)
 .rodata.str1.1
                0x0000000000003374       0x31 /Applications/lpcxpresso_6.1.2_177/lpcxpresso/tools/bin/../lib/gcc/arm-none-eabi/4.6.2/../../../../arm-none-eabi/lib/armv6-m/libcr_c.a(printf.o)
                                         0x38 (size before relaxing)
 .rodata.str1.1
                0x00000000000033a5       0x18 /Applications/lpcxpresso_6.1.2_177/lpcxpresso/tools/bin/../lib/gcc/arm-none-eabi/4.6.2/../../../../arm-none-eabi/lib/armv6-m/libcr_c.a(alloc.o)
 *fill*         0x00000000000033bd        0x3 00
 .rodata.__huge_vall
                0x00000000000033c0        0x8 /Applications/lpcxpresso_6.1.2_177/lpcxpresso/tools/bin/../lib/gcc/arm-none-eabi/4.6.2/../../../../arm-none-eabi/lib/armv6-m/libcr_c.a(_hugeval.o)
                0x00000000000033c0                __huge_vall

.glue_7         0x00000000000033c8        0x0
 .glue_7        0x0000000000000000        0x0 linker stubs

.glue_7t        0x00000000000033c8        0x0
 .glue_7t       0x0000000000000000        0x0 linker stubs

.vfp11_veneer   0x00000000000033c8        0x0
 .vfp11_veneer  0x0000000000000000        0x0 linker stubs

.v4_bx          0x00000000000033c8        0x0
 .v4_bx         0x0000000000000000        0x0 linker stubs

.ARM.extab
 *(.ARM.extab* .gnu.linkonce.armextab.*)
                0x00000000000033c8                __exidx_start = .

.ARM.exidx
 *(.ARM.exidx* .gnu.linkonce.armexidx.*)
                0x00000000000033c8                __exidx_end = .
                0x00000000000033c8                _etext = .

.data           0x0000000010000000        0x4 load address 0x00000000000033c8
                0x0000000010000000                _data = .
 *(vtable)
 *(.data*)
 .data.SystemCoreClock
                0x0000000010000000        0x4 ./cmsis/system_LPC11xx.o
                0x0000000010000000                SystemCoreClock
                0x0000000010000004                _edata = .

.bss            0x0000000010000004      0x184 load address 0x00000000000033cc
                0x0000000010000004                _bss = .
 *(.bss*)
 .bss.ADCIntDone
                0x0000000010000004        0x4 ./driver/adc.o
                0x0000000010000004                ADCIntDone
 .bss.OverRunCounter
                0x0000000010000008        0x4 ./driver/adc.o
                0x0000000010000008                OverRunCounter
 .bss.timer32_0_counter
                0x000000001000000c        0x4 ./driver/timer32.o
                0x000000001000000c                timer32_0_counter
 .bss.timer32_0_capture
                0x0000000010000010        0x4 ./driver/timer32.o
                0x0000000010000010                timer32_0_capture
 .bss.errno     0x0000000010000014        0x4 /Applications/lpcxpresso_6.1.2_177/lpcxpresso/tools/bin/../lib/gcc/arm-none-eabi/4.6.2/../../../../arm-none-eabi/lib/armv6-m/libcr_c.a(errno.o)
                0x0000000010000014                errno
 *(COMMON)
 COMMON         0x0000000010000018       0x20 ./driver/adc.o
                0x0000000010000018                ADCValue
 COMMON         0x0000000010000038        0x8 ./driver/debug_printf.o
                0x0000000010000038                fseek
                0x000000001000003c                fclose
 COMMON         0x0000000010000040      0x140 /Applications/lpcxpresso_6.1.2_177/lpcxpresso/tools/bin/../lib/gcc/arm-none-eabi/4.6.2/../../../../arm-none-eabi/lib/armv6-m/libcr_c.a(stdio.o)
                0x0000000010000040                __Ciob
 COMMON         0x0000000010000180        0x8 /Applications/lpcxpresso_6.1.2_177/lpcxpresso/tools/bin/../lib/gcc/arm-none-eabi/4.6.2/../../../../arm-none-eabi/lib/armv6-m/libcr_c.a(__init_alloc.o)
                0x0000000010000180                __heaps
                0x0000000010000184                __end_of_heap
                0x0000000010000188                _ebss = .

.cr_heap        0x0000000010000188        0x0 load address 0x00000000000033cc
                0x0000000010000188                end = .
                0x0000000010000188                _pvHeapStart = .
                0x0000000010002000                _vRamTop = __top_RamLoc8
                0x0000000010002000                _vStackTop = _vRamTop
OUTPUT(adc.axf elf32-littlearm)

.debug_info     0x0000000000000000     0x382b
 .debug_info    0x0000000000000000      0x1ec ./startup/cr_startup_lpc11.o
 .debug_info    0x00000000000001ec      0x3e6 ./src/adc_main.o
 .debug_info    0x00000000000005d2      0xb20 ./driver/adc.o
 .debug_info    0x00000000000010f2       0x92 ./driver/crp.o
 .debug_info    0x0000000000001184      0x257 ./driver/debug_printf.o
 .debug_info    0x00000000000013db      0x7fb ./driver/gpio.o
 .debug_info    0x0000000000001bd6       0x70 ./driver/timer16.o
 .debug_info    0x0000000000001c46      0xcd1 ./driver/timer32.o
 .debug_info    0x0000000000002917      0x2ae ./cmsis/core_cm0.o
 .debug_info    0x0000000000002bc5      0x588 ./cmsis/system_LPC11xx.o
 .debug_info    0x000000000000314d      0x257 /Users/madisonrockwell/Documents/LPCXpresso_6.1.2/workspace/lib_small_printf_m0/Lib/liblib_small_printf_m0.a(small_printf_nofloat.o)
 .debug_info    0x00000000000033a4      0x2c0 /Users/madisonrockwell/Documents/LPCXpresso_6.1.2/workspace/lib_small_printf_m0/Lib/liblib_small_printf_m0.a(small_printf_support.o)
 .debug_info    0x0000000000003664      0x1c7 /Users/madisonrockwell/Documents/LPCXpresso_6.1.2/workspace/lib_small_printf_m0/Lib/liblib_small_printf_m0.a(small_utils.o)

.debug_abbrev   0x0000000000000000      0xdaf
 .debug_abbrev  0x0000000000000000       0xb4 ./startup/cr_startup_lpc11.o
 .debug_abbrev  0x00000000000000b4      0x185 ./src/adc_main.o
 .debug_abbrev  0x0000000000000239      0x19b ./driver/adc.o
 .debug_abbrev  0x00000000000003d4       0x51 ./driver/crp.o
 .debug_abbrev  0x0000000000000425      0x120 ./driver/debug_printf.o
 .debug_abbrev  0x0000000000000545      0x192 ./driver/gpio.o
 .debug_abbrev  0x00000000000006d7       0x2c ./driver/timer16.o
 .debug_abbrev  0x0000000000000703      0x18a ./driver/timer32.o
 .debug_abbrev  0x000000000000088d       0xaf ./cmsis/core_cm0.o
 .debug_abbrev  0x000000000000093c      0x13d ./cmsis/system_LPC11xx.o
 .debug_abbrev  0x0000000000000a79      0x15f /Users/madisonrockwell/Documents/LPCXpresso_6.1.2/workspace/lib_small_printf_m0/Lib/liblib_small_printf_m0.a(small_printf_nofloat.o)
 .debug_abbrev  0x0000000000000bd8      0x11e /Users/madisonrockwell/Documents/LPCXpresso_6.1.2/workspace/lib_small_printf_m0/Lib/liblib_small_printf_m0.a(small_printf_support.o)
 .debug_abbrev  0x0000000000000cf6       0xb9 /Users/madisonrockwell/Documents/LPCXpresso_6.1.2/workspace/lib_small_printf_m0/Lib/liblib_small_printf_m0.a(small_utils.o)

.debug_loc      0x0000000000000000     0x1365
 .debug_loc     0x0000000000000000      0x140 ./startup/cr_startup_lpc11.o
 .debug_loc     0x0000000000000140       0xe2 ./src/adc_main.o
 .debug_loc     0x0000000000000222      0x10c ./driver/adc.o
 .debug_loc     0x000000000000032e      0x124 ./driver/debug_printf.o
 .debug_loc     0x0000000000000452      0x1b4 ./driver/gpio.o
 .debug_loc     0x0000000000000606      0x1ec ./driver/timer32.o
 .debug_loc     0x00000000000007f2      0x112 ./cmsis/core_cm0.o
 .debug_loc     0x0000000000000904       0x98 ./cmsis/system_LPC11xx.o
 .debug_loc     0x000000000000099c      0x4ad /Users/madisonrockwell/Documents/LPCXpresso_6.1.2/workspace/lib_small_printf_m0/Lib/liblib_small_printf_m0.a(small_printf_nofloat.o)
 .debug_loc     0x0000000000000e49      0x2de /Users/madisonrockwell/Documents/LPCXpresso_6.1.2/workspace/lib_small_printf_m0/Lib/liblib_small_printf_m0.a(small_printf_support.o)
 .debug_loc     0x0000000000001127      0x23e /Users/madisonrockwell/Documents/LPCXpresso_6.1.2/workspace/lib_small_printf_m0/Lib/liblib_small_printf_m0.a(small_utils.o)

.debug_aranges  0x0000000000000000      0x308
 .debug_aranges
                0x0000000000000000       0x50 ./startup/cr_startup_lpc11.o
 .debug_aranges
                0x0000000000000050       0x38 ./src/adc_main.o
 .debug_aranges
                0x0000000000000088       0x40 ./driver/adc.o
 .debug_aranges
                0x00000000000000c8       0x40 ./driver/debug_printf.o
 .debug_aranges
                0x0000000000000108       0x58 ./driver/gpio.o
 .debug_aranges
                0x0000000000000160       0x60 ./driver/timer32.o
 .debug_aranges
                0x00000000000001c0       0x70 ./cmsis/core_cm0.o
 .debug_aranges
                0x0000000000000230       0x28 ./cmsis/system_LPC11xx.o
 .debug_aranges
                0x0000000000000258       0x30 /Users/madisonrockwell/Documents/LPCXpresso_6.1.2/workspace/lib_small_printf_m0/Lib/liblib_small_printf_m0.a(small_printf_nofloat.o)
 .debug_aranges
                0x0000000000000288       0x38 /Users/madisonrockwell/Documents/LPCXpresso_6.1.2/workspace/lib_small_printf_m0/Lib/liblib_small_printf_m0.a(small_printf_support.o)
 .debug_aranges
                0x00000000000002c0       0x48 /Users/madisonrockwell/Documents/LPCXpresso_6.1.2/workspace/lib_small_printf_m0/Lib/liblib_small_printf_m0.a(small_utils.o)

.debug_ranges   0x0000000000000000      0x258
 .debug_ranges  0x0000000000000000       0x40 ./startup/cr_startup_lpc11.o
 .debug_ranges  0x0000000000000040       0x28 ./src/adc_main.o
 .debug_ranges  0x0000000000000068       0x30 ./driver/adc.o
 .debug_ranges  0x0000000000000098       0x30 ./driver/debug_printf.o
 .debug_ranges  0x00000000000000c8       0x48 ./driver/gpio.o
 .debug_ranges  0x0000000000000110       0x50 ./driver/timer32.o
 .debug_ranges  0x0000000000000160       0x60 ./cmsis/core_cm0.o
 .debug_ranges  0x00000000000001c0       0x18 ./cmsis/system_LPC11xx.o
 .debug_ranges  0x00000000000001d8       0x20 /Users/madisonrockwell/Documents/LPCXpresso_6.1.2/workspace/lib_small_printf_m0/Lib/liblib_small_printf_m0.a(small_printf_nofloat.o)
 .debug_ranges  0x00000000000001f8       0x28 /Users/madisonrockwell/Documents/LPCXpresso_6.1.2/workspace/lib_small_printf_m0/Lib/liblib_small_printf_m0.a(small_printf_support.o)
 .debug_ranges  0x0000000000000220       0x38 /Users/madisonrockwell/Documents/LPCXpresso_6.1.2/workspace/lib_small_printf_m0/Lib/liblib_small_printf_m0.a(small_utils.o)

.debug_line     0x0000000000000000     0x3478
 .debug_line    0x0000000000000000      0x3f8 ./startup/cr_startup_lpc11.o
 .debug_line    0x00000000000003f8      0x4d0 ./src/adc_main.o
 .debug_line    0x00000000000008c8      0x42d ./driver/adc.o
 .debug_line    0x0000000000000cf5      0x377 ./driver/crp.o
 .debug_line    0x000000000000106c      0x4cf ./driver/debug_printf.o
 .debug_line    0x000000000000153b      0x46c ./driver/gpio.o
 .debug_line    0x00000000000019a7      0x37f ./driver/timer16.o
 .debug_line    0x0000000000001d26      0x4b7 ./driver/timer32.o
 .debug_line    0x00000000000021dd      0x3eb ./cmsis/core_cm0.o
 .debug_line    0x00000000000025c8      0x3ea ./cmsis/system_LPC11xx.o
 .debug_line    0x00000000000029b2      0x481 /Users/madisonrockwell/Documents/LPCXpresso_6.1.2/workspace/lib_small_printf_m0/Lib/liblib_small_printf_m0.a(small_printf_nofloat.o)
 .debug_line    0x0000000000002e33      0x4ce /Users/madisonrockwell/Documents/LPCXpresso_6.1.2/workspace/lib_small_printf_m0/Lib/liblib_small_printf_m0.a(small_printf_support.o)
 .debug_line    0x0000000000003301      0x177 /Users/madisonrockwell/Documents/LPCXpresso_6.1.2/workspace/lib_small_printf_m0/Lib/liblib_small_printf_m0.a(small_utils.o)

.debug_macinfo  0x0000000000000000    0x41808
 .debug_macinfo
                0x0000000000000000     0x3e81 ./startup/cr_startup_lpc11.o
 .debug_macinfo
                0x0000000000003e81     0x64a0 ./src/adc_main.o
 .debug_macinfo
                0x000000000000a321     0x6014 ./driver/adc.o
 .debug_macinfo
                0x0000000000010335     0x5fac ./driver/crp.o
 .debug_macinfo
                0x00000000000162e1     0x60d2 ./driver/debug_printf.o
 .debug_macinfo
                0x000000000001c3b3     0x5e2e ./driver/gpio.o
 .debug_macinfo
                0x00000000000221e1     0x5e09 ./driver/timer16.o
 .debug_macinfo
                0x0000000000027fea     0x5ea8 ./driver/timer32.o
 .debug_macinfo
                0x000000000002de92     0x3c50 ./cmsis/core_cm0.o
 .debug_macinfo
                0x0000000000031ae2     0x5eed ./cmsis/system_LPC11xx.o
 .debug_macinfo
                0x00000000000379cf     0x3dd1 /Users/madisonrockwell/Documents/LPCXpresso_6.1.2/workspace/lib_small_printf_m0/Lib/liblib_small_printf_m0.a(small_printf_nofloat.o)
 .debug_macinfo
                0x000000000003b7a0     0x3de0 /Users/madisonrockwell/Documents/LPCXpresso_6.1.2/workspace/lib_small_printf_m0/Lib/liblib_small_printf_m0.a(small_printf_support.o)
 .debug_macinfo
                0x000000000003f580     0x2288 /Users/madisonrockwell/Documents/LPCXpresso_6.1.2/workspace/lib_small_printf_m0/Lib/liblib_small_printf_m0.a(small_utils.o)

.debug_str      0x0000000000000000      0xf3e
 .debug_str     0x0000000000000000      0x1a6 ./startup/cr_startup_lpc11.o
                                        0x1da (size before relaxing)
 .debug_str     0x00000000000001a6      0x132 ./src/adc_main.o
                                        0x24e (size before relaxing)
 .debug_str     0x00000000000002d8      0x68f ./driver/adc.o
                                        0x7ea (size before relaxing)
 .debug_str     0x0000000000000967       0x19 ./driver/crp.o
                                        0x12a (size before relaxing)
 .debug_str     0x0000000000000980       0xee ./driver/debug_printf.o
                                        0x20b (size before relaxing)
 .debug_str     0x0000000000000a6e       0xa5 ./driver/gpio.o
                                        0x489 (size before relaxing)
 .debug_str     0x0000000000000b13       0x14 ./driver/timer16.o
                                        0x11c (size before relaxing)
 .debug_str     0x0000000000000b27      0x11d ./driver/timer32.o
                                        0x893 (size before relaxing)
 .debug_str     0x0000000000000c44       0xc8 ./cmsis/core_cm0.o
                                        0x1ef (size before relaxing)
 .debug_str     0x0000000000000d0c       0x49 ./cmsis/system_LPC11xx.o
                                        0x416 (size before relaxing)
 .debug_str     0x0000000000000d55       0xd6 /Users/madisonrockwell/Documents/LPCXpresso_6.1.2/workspace/lib_small_printf_m0/Lib/liblib_small_printf_m0.a(small_printf_nofloat.o)
                                        0x1e8 (size before relaxing)
 .debug_str     0x0000000000000e2b       0xad /Users/madisonrockwell/Documents/LPCXpresso_6.1.2/workspace/lib_small_printf_m0/Lib/liblib_small_printf_m0.a(small_printf_support.o)
                                        0x205 (size before relaxing)
 .debug_str     0x0000000000000ed8       0x66 /Users/madisonrockwell/Documents/LPCXpresso_6.1.2/workspace/lib_small_printf_m0/Lib/liblib_small_printf_m0.a(small_utils.o)
                                        0x135 (size before relaxing)

.comment        0x0000000000000000       0xe0
 .comment       0x0000000000000000       0x70 ./startup/cr_startup_lpc11.o
                                         0x71 (size before relaxing)
 .comment       0x0000000000000000       0x71 ./src/adc_main.o
 .comment       0x0000000000000000       0x71 ./driver/adc.o
 .comment       0x0000000000000000       0x71 ./driver/crp.o
 .comment       0x0000000000000000       0x71 ./driver/debug_printf.o
 .comment       0x0000000000000000       0x71 ./driver/gpio.o
 .comment       0x0000000000000000       0x71 ./driver/timer16.o
 .comment       0x0000000000000000       0x71 ./driver/timer32.o
 .comment       0x0000000000000000       0x71 ./cmsis/core_cm0.o
 .comment       0x0000000000000000       0x71 ./cmsis/system_LPC11xx.o
 .comment       0x0000000000000000       0x71 /Users/madisonrockwell/Documents/LPCXpresso_6.1.2/workspace/lib_small_printf_m0/Lib/liblib_small_printf_m0.a(small_printf_nofloat.o)
 .comment       0x0000000000000000       0x71 /Users/madisonrockwell/Documents/LPCXpresso_6.1.2/workspace/lib_small_printf_m0/Lib/liblib_small_printf_m0.a(small_printf_support.o)
 .comment       0x0000000000000000       0x71 /Users/madisonrockwell/Documents/LPCXpresso_6.1.2/workspace/lib_small_printf_m0/Lib/liblib_small_printf_m0.a(small_utils.o)
 .comment       0x0000000000000000       0x71 /Applications/lpcxpresso_6.1.2_177/lpcxpresso/tools/bin/../lib/gcc/arm-none-eabi/4.6.2/../../../../arm-none-eabi/lib/armv6-m/libcr_c.a(__weak__main.o)
 .comment       0x0000000000000000       0x71 /Applications/lpcxpresso_6.1.2_177/lpcxpresso/tools/bin/../lib/gcc/arm-none-eabi/4.6.2/../../../../arm-none-eabi/lib/armv6-m/libcr_c.a(fpprintf.o)
 .comment       0x0000000000000000       0x71 /Applications/lpcxpresso_6.1.2_177/lpcxpresso/tools/bin/../lib/gcc/arm-none-eabi/4.6.2/../../../../arm-none-eabi/lib/armv6-m/libcr_c.a(printf.o)
 .comment       0x0000000000000000       0x71 /Applications/lpcxpresso_6.1.2_177/lpcxpresso/tools/bin/../lib/gcc/arm-none-eabi/4.6.2/../../../../arm-none-eabi/lib/armv6-m/libcr_c.a(stdio.o)
 .comment       0x0000000000000000       0x71 /Applications/lpcxpresso_6.1.2_177/lpcxpresso/tools/bin/../lib/gcc/arm-none-eabi/4.6.2/../../../../arm-none-eabi/lib/armv6-m/libcr_c.a(strlen.o)
 .comment       0x0000000000000000       0x71 /Applications/lpcxpresso_6.1.2_177/lpcxpresso/tools/bin/../lib/gcc/arm-none-eabi/4.6.2/../../../../arm-none-eabi/lib/armv6-m/libcr_c.a(memset.o)
 .comment       0x0000000000000000       0x71 /Applications/lpcxpresso_6.1.2_177/lpcxpresso/tools/bin/../lib/gcc/arm-none-eabi/4.6.2/../../../../arm-none-eabi/lib/armv6-m/libcr_c.a(__fillbuf.o)
 .comment       0x0000000000000000       0x71 /Applications/lpcxpresso_6.1.2_177/lpcxpresso/tools/bin/../lib/gcc/arm-none-eabi/4.6.2/../../../../arm-none-eabi/lib/armv6-m/libcr_c.a(_deferredlazyseek.o)
 .comment       0x0000000000000000       0x71 /Applications/lpcxpresso_6.1.2_177/lpcxpresso/tools/bin/../lib/gcc/arm-none-eabi/4.6.2/../../../../arm-none-eabi/lib/armv6-m/libcr_c.a(_fflush.o)
 .comment       0x0000000000000000       0x71 /Applications/lpcxpresso_6.1.2_177/lpcxpresso/tools/bin/../lib/gcc/arm-none-eabi/4.6.2/../../../../arm-none-eabi/lib/armv6-m/libcr_c.a(_frexpl.o)
 .comment       0x0000000000000000       0x71 /Applications/lpcxpresso_6.1.2_177/lpcxpresso/tools/bin/../lib/gcc/arm-none-eabi/4.6.2/../../../../arm-none-eabi/lib/armv6-m/libcr_c.a(_ldexpl.o)
 .comment       0x0000000000000000       0x71 /Applications/lpcxpresso_6.1.2_177/lpcxpresso/tools/bin/../lib/gcc/arm-none-eabi/4.6.2/../../../../arm-none-eabi/lib/armv6-m/libcr_c.a(_writebuf.o)
 .comment       0x0000000000000000       0x71 /Applications/lpcxpresso_6.1.2_177/lpcxpresso/tools/bin/../lib/gcc/arm-none-eabi/4.6.2/../../../../arm-none-eabi/lib/armv6-m/libcr_c.a(alloc.o)
 .comment       0x0000000000000000       0x71 /Applications/lpcxpresso_6.1.2_177/lpcxpresso/tools/bin/../lib/gcc/arm-none-eabi/4.6.2/../../../../arm-none-eabi/lib/armv6-m/libcr_c.a(errno.o)
 .comment       0x0000000000000000       0x71 /Applications/lpcxpresso_6.1.2_177/lpcxpresso/tools/bin/../lib/gcc/arm-none-eabi/4.6.2/../../../../arm-none-eabi/lib/armv6-m/libcr_c.a(memcpy.o)
 .comment       0x0000000000000000       0x71 /Applications/lpcxpresso_6.1.2_177/lpcxpresso/tools/bin/../lib/gcc/arm-none-eabi/4.6.2/../../../../arm-none-eabi/lib/armv6-m/libcr_c.a(__init_alloc.o)
 .comment       0x0000000000000000       0x71 /Applications/lpcxpresso_6.1.2_177/lpcxpresso/tools/bin/../lib/gcc/arm-none-eabi/4.6.2/../../../../arm-none-eabi/lib/armv6-m/libcr_c.a(_hugeval.o)
 .comment       0x0000000000000070       0x70 /Applications/lpcxpresso_6.1.2_177/lpcxpresso/tools/bin/../lib/gcc/arm-none-eabi/4.6.2/../../../../arm-none-eabi/lib/armv6-m/libcr_semihost.a(_cr_sbrk.o)
                                         0x71 (size before relaxing)
 .comment       0x0000000000000000       0x71 /Applications/lpcxpresso_6.1.2_177/lpcxpresso/tools/bin/../lib/gcc/arm-none-eabi/4.6.2/../../../../arm-none-eabi/lib/armv6-m/libcr_semihost.a(_cr_check_heap.o)
 .comment       0x0000000000000000       0x71 /Applications/lpcxpresso_6.1.2_177/lpcxpresso/tools/bin/../lib/gcc/arm-none-eabi/4.6.2/armv6-m/libcr_eabihelpers.a(double.o)

.ARM.attributes
                0x0000000000000000       0x2f
 .ARM.attributes
                0x0000000000000000       0x31 ./startup/cr_startup_lpc11.o
 .ARM.attributes
                0x0000000000000031       0x31 ./src/adc_main.o
 .ARM.attributes
                0x0000000000000062       0x31 ./driver/adc.o
 .ARM.attributes
                0x0000000000000093       0x31 ./driver/crp.o
 .ARM.attributes
                0x00000000000000c4       0x31 ./driver/debug_printf.o
 .ARM.attributes
                0x00000000000000f5       0x31 ./driver/gpio.o
 .ARM.attributes
                0x0000000000000126       0x31 ./driver/timer16.o
 .ARM.attributes
                0x0000000000000157       0x31 ./driver/timer32.o
 .ARM.attributes
                0x0000000000000188       0x31 ./cmsis/core_cm0.o
 .ARM.attributes
                0x00000000000001b9       0x31 ./cmsis/system_LPC11xx.o
 .ARM.attributes
                0x00000000000001ea       0x31 /Users/madisonrockwell/Documents/LPCXpresso_6.1.2/workspace/lib_small_printf_m0/Lib/liblib_small_printf_m0.a(small_printf_nofloat.o)
 .ARM.attributes
                0x000000000000021b       0x31 /Users/madisonrockwell/Documents/LPCXpresso_6.1.2/workspace/lib_small_printf_m0/Lib/liblib_small_printf_m0.a(small_printf_support.o)
 .ARM.attributes
                0x000000000000024c       0x31 /Users/madisonrockwell/Documents/LPCXpresso_6.1.2/workspace/lib_small_printf_m0/Lib/liblib_small_printf_m0.a(small_utils.o)
 .ARM.attributes
                0x000000000000027d       0x31 /Applications/lpcxpresso_6.1.2_177/lpcxpresso/tools/bin/../lib/gcc/arm-none-eabi/4.6.2/../../../../arm-none-eabi/lib/armv6-m/libcr_c.a(__weak__main.o)
 .ARM.attributes
                0x00000000000002ae       0x31 /Applications/lpcxpresso_6.1.2_177/lpcxpresso/tools/bin/../lib/gcc/arm-none-eabi/4.6.2/../../../../arm-none-eabi/lib/armv6-m/libcr_c.a(fpprintf.o)
 .ARM.attributes
                0x00000000000002df       0x31 /Applications/lpcxpresso_6.1.2_177/lpcxpresso/tools/bin/../lib/gcc/arm-none-eabi/4.6.2/../../../../arm-none-eabi/lib/armv6-m/libcr_c.a(printf.o)
 .ARM.attributes
                0x0000000000000310       0x31 /Applications/lpcxpresso_6.1.2_177/lpcxpresso/tools/bin/../lib/gcc/arm-none-eabi/4.6.2/../../../../arm-none-eabi/lib/armv6-m/libcr_c.a(stdio.o)
 .ARM.attributes
                0x0000000000000341       0x31 /Applications/lpcxpresso_6.1.2_177/lpcxpresso/tools/bin/../lib/gcc/arm-none-eabi/4.6.2/../../../../arm-none-eabi/lib/armv6-m/libcr_c.a(strlen.o)
 .ARM.attributes
                0x0000000000000372       0x31 /Applications/lpcxpresso_6.1.2_177/lpcxpresso/tools/bin/../lib/gcc/arm-none-eabi/4.6.2/../../../../arm-none-eabi/lib/armv6-m/libcr_c.a(memset.o)
 .ARM.attributes
                0x00000000000003a3       0x31 /Applications/lpcxpresso_6.1.2_177/lpcxpresso/tools/bin/../lib/gcc/arm-none-eabi/4.6.2/../../../../arm-none-eabi/lib/armv6-m/libcr_c.a(__fillbuf.o)
 .ARM.attributes
                0x00000000000003d4       0x31 /Applications/lpcxpresso_6.1.2_177/lpcxpresso/tools/bin/../lib/gcc/arm-none-eabi/4.6.2/../../../../arm-none-eabi/lib/armv6-m/libcr_c.a(_deferredlazyseek.o)
 .ARM.attributes
                0x0000000000000405       0x31 /Applications/lpcxpresso_6.1.2_177/lpcxpresso/tools/bin/../lib/gcc/arm-none-eabi/4.6.2/../../../../arm-none-eabi/lib/armv6-m/libcr_c.a(_fflush.o)
 .ARM.attributes
                0x0000000000000436       0x31 /Applications/lpcxpresso_6.1.2_177/lpcxpresso/tools/bin/../lib/gcc/arm-none-eabi/4.6.2/../../../../arm-none-eabi/lib/armv6-m/libcr_c.a(_frexpl.o)
 .ARM.attributes
                0x0000000000000467       0x31 /Applications/lpcxpresso_6.1.2_177/lpcxpresso/tools/bin/../lib/gcc/arm-none-eabi/4.6.2/../../../../arm-none-eabi/lib/armv6-m/libcr_c.a(_ldexpl.o)
 .ARM.attributes
                0x0000000000000498       0x31 /Applications/lpcxpresso_6.1.2_177/lpcxpresso/tools/bin/../lib/gcc/arm-none-eabi/4.6.2/../../../../arm-none-eabi/lib/armv6-m/libcr_c.a(_writebuf.o)
 .ARM.attributes
                0x00000000000004c9       0x31 /Applications/lpcxpresso_6.1.2_177/lpcxpresso/tools/bin/../lib/gcc/arm-none-eabi/4.6.2/../../../../arm-none-eabi/lib/armv6-m/libcr_c.a(alloc.o)
 .ARM.attributes
                0x00000000000004fa       0x31 /Applications/lpcxpresso_6.1.2_177/lpcxpresso/tools/bin/../lib/gcc/arm-none-eabi/4.6.2/../../../../arm-none-eabi/lib/armv6-m/libcr_c.a(errno.o)
 .ARM.attributes
                0x000000000000052b       0x31 /Applications/lpcxpresso_6.1.2_177/lpcxpresso/tools/bin/../lib/gcc/arm-none-eabi/4.6.2/../../../../arm-none-eabi/lib/armv6-m/libcr_c.a(memcpy.o)
 .ARM.attributes
                0x000000000000055c       0x31 /Applications/lpcxpresso_6.1.2_177/lpcxpresso/tools/bin/../lib/gcc/arm-none-eabi/4.6.2/../../../../arm-none-eabi/lib/armv6-m/libcr_c.a(__init_alloc.o)
 .ARM.attributes
                0x000000000000058d       0x31 /Applications/lpcxpresso_6.1.2_177/lpcxpresso/tools/bin/../lib/gcc/arm-none-eabi/4.6.2/../../../../arm-none-eabi/lib/armv6-m/libcr_c.a(_hugeval.o)
 .ARM.attributes
                0x00000000000005be       0x21 /Applications/lpcxpresso_6.1.2_177/lpcxpresso/tools/bin/../lib/gcc/arm-none-eabi/4.6.2/../../../../arm-none-eabi/lib/armv6-m/libcr_semihost.a(__sys_appexit.o)
 .ARM.attributes
                0x00000000000005df       0x21 /Applications/lpcxpresso_6.1.2_177/lpcxpresso/tools/bin/../lib/gcc/arm-none-eabi/4.6.2/../../../../arm-none-eabi/lib/armv6-m/libcr_semihost.a(__sys_flen.o)
 .ARM.attributes
                0x0000000000000600       0x21 /Applications/lpcxpresso_6.1.2_177/lpcxpresso/tools/bin/../lib/gcc/arm-none-eabi/4.6.2/../../../../arm-none-eabi/lib/armv6-m/libcr_semihost.a(__sys_istty.o)
 .ARM.attributes
                0x0000000000000621       0x21 /Applications/lpcxpresso_6.1.2_177/lpcxpresso/tools/bin/../lib/gcc/arm-none-eabi/4.6.2/../../../../arm-none-eabi/lib/armv6-m/libcr_semihost.a(__sys_read.o)
 .ARM.attributes
                0x0000000000000642       0x21 /Applications/lpcxpresso_6.1.2_177/lpcxpresso/tools/bin/../lib/gcc/arm-none-eabi/4.6.2/../../../../arm-none-eabi/lib/armv6-m/libcr_semihost.a(__sys_readc.o)
 .ARM.attributes
                0x0000000000000663       0x21 /Applications/lpcxpresso_6.1.2_177/lpcxpresso/tools/bin/../lib/gcc/arm-none-eabi/4.6.2/../../../../arm-none-eabi/lib/armv6-m/libcr_semihost.a(__sys_seek.o)
 .ARM.attributes
                0x0000000000000684       0x21 /Applications/lpcxpresso_6.1.2_177/lpcxpresso/tools/bin/../lib/gcc/arm-none-eabi/4.6.2/../../../../arm-none-eabi/lib/armv6-m/libcr_semihost.a(__sys_write.o)
 .ARM.attributes
                0x00000000000006a5       0x31 /Applications/lpcxpresso_6.1.2_177/lpcxpresso/tools/bin/../lib/gcc/arm-none-eabi/4.6.2/../../../../arm-none-eabi/lib/armv6-m/libcr_semihost.a(_cr_sbrk.o)
 .ARM.attributes
                0x00000000000006d6       0x31 /Applications/lpcxpresso_6.1.2_177/lpcxpresso/tools/bin/../lib/gcc/arm-none-eabi/4.6.2/../../../../arm-none-eabi/lib/armv6-m/libcr_semihost.a(_cr_check_heap.o)
 .ARM.attributes
                0x0000000000000707       0x21 /Applications/lpcxpresso_6.1.2_177/lpcxpresso/tools/bin/../lib/gcc/arm-none-eabi/4.6.2/armv6-m/libcr_eabihelpers.a(division.o)
 .ARM.attributes
                0x0000000000000728       0x31 /Applications/lpcxpresso_6.1.2_177/lpcxpresso/tools/bin/../lib/gcc/arm-none-eabi/4.6.2/armv6-m/libcr_eabihelpers.a(double.o)
 .ARM.attributes
                0x0000000000000759       0x21 /Applications/lpcxpresso_6.1.2_177/lpcxpresso/tools/bin/../lib/gcc/arm-none-eabi/4.6.2/armv6-m/libcr_eabihelpers.a(llong.o)
 .ARM.attributes
                0x000000000000077a       0x21 /Applications/lpcxpresso_6.1.2_177/lpcxpresso/tools/bin/../lib/gcc/arm-none-eabi/4.6.2/armv6-m/libcr_eabihelpers.a(memcpy.o)

.debug_frame    0x0000000000000000      0x79c
 .debug_frame   0x0000000000000000       0xd8 ./startup/cr_startup_lpc11.o
 .debug_frame   0x00000000000000d8       0x94 ./src/adc_main.o
 .debug_frame   0x000000000000016c       0xac ./driver/adc.o
 .debug_frame   0x0000000000000218       0xb0 ./driver/debug_printf.o
 .debug_frame   0x00000000000002c8      0x10c ./driver/gpio.o
 .debug_frame   0x00000000000003d4      0x12c ./driver/timer32.o
 .debug_frame   0x0000000000000500       0xc0 ./cmsis/core_cm0.o
 .debug_frame   0x00000000000005c0       0x48 ./cmsis/system_LPC11xx.o
 .debug_frame   0x0000000000000608       0x6c /Users/madisonrockwell/Documents/LPCXpresso_6.1.2/workspace/lib_small_printf_m0/Lib/liblib_small_printf_m0.a(small_printf_nofloat.o)
 .debug_frame   0x0000000000000674       0x7c /Users/madisonrockwell/Documents/LPCXpresso_6.1.2/workspace/lib_small_printf_m0/Lib/liblib_small_printf_m0.a(small_printf_support.o)
 .debug_frame   0x00000000000006f0       0xac /Users/madisonrockwell/Documents/LPCXpresso_6.1.2/workspace/lib_small_printf_m0/Lib/liblib_small_printf_m0.a(small_utils.o)
