Archive member included because of file (symbol)

/Applications/lpcxpresso_6.1.2_177/lpcxpresso/tools/bin/../lib/gcc/arm-none-eabi/4.6.2/../../../../arm-none-eabi/lib/armv6-m/libcr_c.a(memcpy.o)
                              ./src/main.o (memcpy)
/Applications/lpcxpresso_6.1.2_177/lpcxpresso/tools/bin/../lib/gcc/arm-none-eabi/4.6.2/armv6-m/libcr_eabihelpers.a(division.o)
                              ./src/main.o (__aeabi_idiv)
/Applications/lpcxpresso_6.1.2_177/lpcxpresso/tools/bin/../lib/gcc/arm-none-eabi/4.6.2/armv6-m/libcr_eabihelpers.a(memcpy.o)
                              /Applications/lpcxpresso_6.1.2_177/lpcxpresso/tools/bin/../lib/gcc/arm-none-eabi/4.6.2/../../../../arm-none-eabi/lib/armv6-m/libcr_c.a(memcpy.o) (__aeabi_memcpy)

Discarded input sections

 .text          0x0000000000000000        0x0 ./src/cr_startup_lpc11.o
 .data          0x0000000000000000        0x0 ./src/cr_startup_lpc11.o
 .bss           0x0000000000000000        0x0 ./src/cr_startup_lpc11.o
 .data          0x0000000000000000        0x0 ./src/fibonacci.o
 .bss           0x0000000000000000        0x0 ./src/fibonacci.o
 .text          0x0000000000000000        0x0 ./src/main.o
 .data          0x0000000000000000        0x0 ./src/main.o
 .bss           0x0000000000000000        0x0 ./src/main.o
 .text          0x0000000000000000        0x0 ./driver/adc.o
 .data          0x0000000000000000        0x0 ./driver/adc.o
 .bss           0x0000000000000000        0x0 ./driver/adc.o
 .text          0x0000000000000000        0x0 ./driver/can.o
 .data          0x0000000000000000        0x0 ./driver/can.o
 .bss           0x0000000000000000        0x0 ./driver/can.o
 .text          0x0000000000000000        0x0 ./driver/clkconfig.o
 .data          0x0000000000000000        0x0 ./driver/clkconfig.o
 .bss           0x0000000000000000        0x0 ./driver/clkconfig.o
 .text          0x0000000000000000        0x0 ./driver/crp.o
 .data          0x0000000000000000        0x0 ./driver/crp.o
 .bss           0x0000000000000000        0x0 ./driver/crp.o
 .crp           0x0000000000000000        0x4 ./driver/crp.o
 .text          0x0000000000000000        0x0 ./driver/debug_printf.o
 .data          0x0000000000000000        0x0 ./driver/debug_printf.o
 .bss           0x0000000000000000        0x0 ./driver/debug_printf.o
 .text          0x0000000000000000        0x0 ./driver/gpio.o
 .data          0x0000000000000000        0x0 ./driver/gpio.o
 .bss           0x0000000000000000        0x0 ./driver/gpio.o
 .text.GPIOSetInterrupt
                0x0000000000000000      0x334 ./driver/gpio.o
 .text.GPIOIntEnable
                0x0000000000000000       0xa8 ./driver/gpio.o
 .text.GPIOIntDisable
                0x0000000000000000       0xa8 ./driver/gpio.o
 .text.GPIOIntStatus
                0x0000000000000000       0xb4 ./driver/gpio.o
 .text.GPIOIntClear
                0x0000000000000000       0xa8 ./driver/gpio.o
 .text          0x0000000000000000        0x0 ./driver/i2c.o
 .data          0x0000000000000000        0x0 ./driver/i2c.o
 .bss           0x0000000000000000        0x0 ./driver/i2c.o
 .text          0x0000000000000000        0x0 ./driver/i2cslave.o
 .data          0x0000000000000000        0x0 ./driver/i2cslave.o
 .bss           0x0000000000000000        0x0 ./driver/i2cslave.o
 .text          0x0000000000000000        0x0 ./driver/lpc_swu.o
 .data          0x0000000000000000        0x0 ./driver/lpc_swu.o
 .bss           0x0000000000000000        0x0 ./driver/lpc_swu.o
 .text          0x0000000000000000        0x0 ./driver/rs485.o
 .data          0x0000000000000000        0x0 ./driver/rs485.o
 .bss           0x0000000000000000        0x0 ./driver/rs485.o
 .text          0x0000000000000000        0x0 ./driver/small_gpio.o
 .data          0x0000000000000000        0x0 ./driver/small_gpio.o
 .bss           0x0000000000000000        0x0 ./driver/small_gpio.o
 .text          0x0000000000000000        0x0 ./driver/ssp.o
 .data          0x0000000000000000        0x0 ./driver/ssp.o
 .bss           0x0000000000000000        0x0 ./driver/ssp.o
 .text          0x0000000000000000        0x0 ./driver/timer16.o
 .data          0x0000000000000000        0x0 ./driver/timer16.o
 .bss           0x0000000000000000        0x0 ./driver/timer16.o
 .text          0x0000000000000000        0x0 ./driver/timer32.o
 .data          0x0000000000000000        0x0 ./driver/timer32.o
 .text.NVIC_EnableIRQ
                0x0000000000000000       0x2c ./driver/timer32.o
 .text.delay32Ms
                0x0000000000000000       0xe4 ./driver/timer32.o
 .text.enable_timer32
                0x0000000000000000       0x30 ./driver/timer32.o
 .text.disable_timer32
                0x0000000000000000       0x30 ./driver/timer32.o
 .text.reset_timer32
                0x0000000000000000       0x4c ./driver/timer32.o
 .text.init_timer32
                0x0000000000000000      0x140 ./driver/timer32.o
 .text.init_timer32PWM
                0x0000000000000000      0x22c ./driver/timer32.o
 .text.setMatch_timer32PWM
                0x0000000000000000       0xa4 ./driver/timer32.o
 .text          0x0000000000000000        0x0 ./driver/uart.o
 .data          0x0000000000000000        0x0 ./driver/uart.o
 .bss           0x0000000000000000        0x0 ./driver/uart.o
 .text          0x0000000000000000        0x0 ./driver/wdt.o
 .data          0x0000000000000000        0x0 ./driver/wdt.o
 .bss           0x0000000000000000        0x0 ./driver/wdt.o
 .text          0x0000000000000000        0x0 ./cmsis/core_cm0.o
 .data          0x0000000000000000        0x0 ./cmsis/core_cm0.o
 .bss           0x0000000000000000        0x0 ./cmsis/core_cm0.o
 .text.__get_PSP
                0x0000000000000000       0x10 ./cmsis/core_cm0.o
 .text.__set_PSP
                0x0000000000000000        0x8 ./cmsis/core_cm0.o
 .text.__get_MSP
                0x0000000000000000       0x10 ./cmsis/core_cm0.o
 .text.__set_MSP
                0x0000000000000000        0x8 ./cmsis/core_cm0.o
 .text.__get_PRIMASK
                0x0000000000000000       0x1c ./cmsis/core_cm0.o
 .text.__set_PRIMASK
                0x0000000000000000       0x14 ./cmsis/core_cm0.o
 .text.__get_CONTROL
                0x0000000000000000       0x1c ./cmsis/core_cm0.o
 .text.__set_CONTROL
                0x0000000000000000       0x14 ./cmsis/core_cm0.o
 .text.__REV    0x0000000000000000       0x1c ./cmsis/core_cm0.o
 .text.__REV16  0x0000000000000000       0x24 ./cmsis/core_cm0.o
 .text.__REVSH  0x0000000000000000       0x24 ./cmsis/core_cm0.o
 .text          0x0000000000000000        0x0 ./cmsis/system_LPC11xx.o
 .data          0x0000000000000000        0x4 ./cmsis/system_LPC11xx.o
 .bss           0x0000000000000000        0x0 ./cmsis/system_LPC11xx.o
 .text.__NOP    0x0000000000000000        0xc ./cmsis/system_LPC11xx.o
 .text.SystemCoreClockUpdate
                0x0000000000000000      0x230 ./cmsis/system_LPC11xx.o
 .rodata        0x0000000000000000       0x40 ./cmsis/system_LPC11xx.o
 .text.SystemInit
                0x0000000000000000      0x108 ./cmsis/system_LPC11xx.o
 .text          0x0000000000000000        0x0 /Applications/lpcxpresso_6.1.2_177/lpcxpresso/tools/bin/../lib/gcc/arm-none-eabi/4.6.2/../../../../arm-none-eabi/lib/armv6-m/libcr_c.a(memcpy.o)
 .data          0x0000000000000000        0x0 /Applications/lpcxpresso_6.1.2_177/lpcxpresso/tools/bin/../lib/gcc/arm-none-eabi/4.6.2/../../../../arm-none-eabi/lib/armv6-m/libcr_c.a(memcpy.o)
 .bss           0x0000000000000000        0x0 /Applications/lpcxpresso_6.1.2_177/lpcxpresso/tools/bin/../lib/gcc/arm-none-eabi/4.6.2/../../../../arm-none-eabi/lib/armv6-m/libcr_c.a(memcpy.o)
 .text          0x0000000000000000        0x0 /Applications/lpcxpresso_6.1.2_177/lpcxpresso/tools/bin/../lib/gcc/arm-none-eabi/4.6.2/armv6-m/libcr_eabihelpers.a(division.o)
 .data          0x0000000000000000        0x0 /Applications/lpcxpresso_6.1.2_177/lpcxpresso/tools/bin/../lib/gcc/arm-none-eabi/4.6.2/armv6-m/libcr_eabihelpers.a(division.o)
 .bss           0x0000000000000000        0x0 /Applications/lpcxpresso_6.1.2_177/lpcxpresso/tools/bin/../lib/gcc/arm-none-eabi/4.6.2/armv6-m/libcr_eabihelpers.a(division.o)
 .text.__aeabi_division_uldivmod
                0x0000000000000000       0x5a /Applications/lpcxpresso_6.1.2_177/lpcxpresso/tools/bin/../lib/gcc/arm-none-eabi/4.6.2/armv6-m/libcr_eabihelpers.a(division.o)
 .text.__aeabi_division_ldivmod
                0x0000000000000000       0x32 /Applications/lpcxpresso_6.1.2_177/lpcxpresso/tools/bin/../lib/gcc/arm-none-eabi/4.6.2/armv6-m/libcr_eabihelpers.a(division.o)
 .text.__aeabi_division_ldiv0
                0x0000000000000000        0x2 /Applications/lpcxpresso_6.1.2_177/lpcxpresso/tools/bin/../lib/gcc/arm-none-eabi/4.6.2/armv6-m/libcr_eabihelpers.a(division.o)
 .text.__aeabi_division_idivq31+15
                0x0000000000000000      0x188 /Applications/lpcxpresso_6.1.2_177/lpcxpresso/tools/bin/../lib/gcc/arm-none-eabi/4.6.2/armv6-m/libcr_eabihelpers.a(division.o)
 .text          0x0000000000000000        0x0 /Applications/lpcxpresso_6.1.2_177/lpcxpresso/tools/bin/../lib/gcc/arm-none-eabi/4.6.2/armv6-m/libcr_eabihelpers.a(memcpy.o)
 .data          0x0000000000000000        0x0 /Applications/lpcxpresso_6.1.2_177/lpcxpresso/tools/bin/../lib/gcc/arm-none-eabi/4.6.2/armv6-m/libcr_eabihelpers.a(memcpy.o)
 .bss           0x0000000000000000        0x0 /Applications/lpcxpresso_6.1.2_177/lpcxpresso/tools/bin/../lib/gcc/arm-none-eabi/4.6.2/armv6-m/libcr_eabihelpers.a(memcpy.o)
 .text.__aeabi_memmove
                0x0000000000000000       0x1c /Applications/lpcxpresso_6.1.2_177/lpcxpresso/tools/bin/../lib/gcc/arm-none-eabi/4.6.2/armv6-m/libcr_eabihelpers.a(memcpy.o)
 .text.__aeabi_memset_lowlevel
                0x0000000000000000       0x2a /Applications/lpcxpresso_6.1.2_177/lpcxpresso/tools/bin/../lib/gcc/arm-none-eabi/4.6.2/armv6-m/libcr_eabihelpers.a(memcpy.o)
 .text.__aeabi_memclr
                0x0000000000000000        0x6 /Applications/lpcxpresso_6.1.2_177/lpcxpresso/tools/bin/../lib/gcc/arm-none-eabi/4.6.2/armv6-m/libcr_eabihelpers.a(memcpy.o)
 .text.__aeabi_memset
                0x0000000000000000        0x8 /Applications/lpcxpresso_6.1.2_177/lpcxpresso/tools/bin/../lib/gcc/arm-none-eabi/4.6.2/armv6-m/libcr_eabihelpers.a(memcpy.o)

Memory Configuration

Name             Origin             Length             Attributes
MFlash32         0x0000000000000000 0x0000000000008000 xr
RamLoc4          0x0000000010000000 0x0000000000001000 xrw
RamUsb2          0x0000000020004000 0x0000000000000800 xrw
*default*        0x0000000000000000 0xffffffffffffffff

Linker script and memory map

LOAD ./src/cr_startup_lpc11.o
LOAD ./src/fibonacci.o
LOAD ./src/main.o
LOAD ./driver/adc.o
LOAD ./driver/can.o
LOAD ./driver/clkconfig.o
LOAD ./driver/crp.o
LOAD ./driver/debug_printf.o
LOAD ./driver/gpio.o
LOAD ./driver/i2c.o
LOAD ./driver/i2cslave.o
LOAD ./driver/lpc_swu.o
LOAD ./driver/rs485.o
LOAD ./driver/small_gpio.o
LOAD ./driver/ssp.o
LOAD ./driver/timer16.o
LOAD ./driver/timer32.o
LOAD ./driver/uart.o
LOAD ./driver/wdt.o
LOAD ./cmsis/core_cm0.o
LOAD ./cmsis/system_LPC11xx.o
START GROUP
LOAD /Applications/lpcxpresso_6.1.2_177/lpcxpresso/tools/bin/../lib/gcc/arm-none-eabi/4.6.2/../../../../arm-none-eabi/lib/armv6-m/libcr_semihost.a
LOAD /Applications/lpcxpresso_6.1.2_177/lpcxpresso/tools/bin/../lib/gcc/arm-none-eabi/4.6.2/../../../../arm-none-eabi/lib/armv6-m/libcr_c.a
LOAD /Applications/lpcxpresso_6.1.2_177/lpcxpresso/tools/bin/../lib/gcc/arm-none-eabi/4.6.2/armv6-m/libcr_eabihelpers.a
END GROUP
                0x0000000000008000                __top_MFlash32 = 0x8000
                0x0000000010001000                __top_RamLoc4 = 0x10001000
                0x0000000020004800                __top_RamUsb2 = 0x20004800

.text           0x0000000000000000      0x5e8
 FILL mask 0xff
                0x0000000000000000                __vectors_start__ = ABSOLUTE (.)
 *(.isr_vector)
 .isr_vector    0x0000000000000000       0xc0 ./src/cr_startup_lpc11.o
                0x0000000000000000                g_pfnVectors
                0x00000000000000c0                . = ALIGN (0x4)
                0x00000000000000c0                __section_table_start = .
                0x00000000000000c0                __data_section_table = .
                0x00000000000000c0        0x4 LONG 0x5e8 LOADADDR (.data)
                0x00000000000000c4        0x4 LONG 0x10000000 ADDR (.data)
                0x00000000000000c8        0x4 LONG 0x0 SIZEOF (.data)
                0x00000000000000cc        0x4 LONG 0x5e8 LOADADDR (.data_RAM2)
                0x00000000000000d0        0x4 LONG 0x20004000 ADDR (.data_RAM2)
                0x00000000000000d4        0x4 LONG 0x0 SIZEOF (.data_RAM2)
                0x00000000000000d8                __data_section_table_end = .
                0x00000000000000d8                __bss_section_table = .
                0x00000000000000d8        0x4 LONG 0x10000000 ADDR (.bss)
                0x00000000000000dc        0x4 LONG 0x10 SIZEOF (.bss)
                0x00000000000000e0        0x4 LONG 0x20004000 ADDR (.bss_RAM2)
                0x00000000000000e4        0x4 LONG 0x0 SIZEOF (.bss_RAM2)
                0x00000000000000e8                __bss_section_table_end = .
                0x00000000000000e8                __section_table_end = .
 *(.after_vectors*)
 *(.text*)
 .text.Reset_Handler
                0x00000000000000e8       0x70 ./src/cr_startup_lpc11.o
                0x00000000000000e8                Reset_Handler
                0x00000000000000e8                ResetISR
 .text.NMI_Handler
                0x0000000000000158        0x8 ./src/cr_startup_lpc11.o
                0x0000000000000158                NMI_Handler
 .text.HardFault_Handler
                0x0000000000000160        0x8 ./src/cr_startup_lpc11.o
                0x0000000000000160                HardFault_Handler
 .text.SVCall_Handler
                0x0000000000000168        0x8 ./src/cr_startup_lpc11.o
                0x0000000000000168                SVCall_Handler
 .text.PendSV_Handler
                0x0000000000000170        0x8 ./src/cr_startup_lpc11.o
                0x0000000000000170                PendSV_Handler
 .text.SysTick_Handler
                0x0000000000000178        0x8 ./src/cr_startup_lpc11.o
                0x0000000000000178                SysTick_Handler
 .text.IntDefaultHandler
                0x0000000000000180        0x8 ./src/cr_startup_lpc11.o
                0x0000000000000180                FMC_IRQHandler
                0x0000000000000180                UART_IRQHandler
                0x0000000000000180                TIMER32_1_IRQHandler
                0x0000000000000180                IntDefaultHandler
                0x0000000000000180                PIOINT1_IRQHandler
                0x0000000000000180                SSP_IRQHandler
                0x0000000000000180                TIMER16_1_IRQHandler
                0x0000000000000180                USB_FIQHandler
                0x0000000000000180                ADC_IRQHandler
                0x0000000000000180                PIOINT2_IRQHandler
                0x0000000000000180                USB_IRQHandler
                0x0000000000000180                BOD_IRQHandler
                0x0000000000000180                WAKEUP_IRQHandler
                0x0000000000000180                PIOINT0_IRQHandler
                0x0000000000000180                I2C_IRQHandler
                0x0000000000000180                WDT_IRQHandler
                0x0000000000000180                PIOINT3_IRQHandler
                0x0000000000000180                TIMER16_0_IRQHandler
 .text          0x0000000000000188       0x1c ./src/fibonacci.o
                0x0000000000000188                fibonacci
 .text.translateFib
                0x00000000000001a4      0x1d8 ./src/main.o
                0x00000000000001a4                translateFib
 .text.main     0x000000000000037c       0x48 ./src/main.o
                0x000000000000037c                main
 .text.GPIOInit
                0x00000000000003c4       0x1c ./driver/gpio.o
                0x00000000000003c4                GPIOInit
 .text.GPIOSetValue
                0x00000000000003e0       0x38 ./driver/gpio.o
                0x00000000000003e0                GPIOSetValue
 .text.GPIOSetDir
                0x0000000000000418       0x74 ./driver/gpio.o
                0x0000000000000418                GPIOSetDir
 .text.TIMER32_0_IRQHandler
                0x000000000000048c       0x50 ./driver/timer32.o
                0x000000000000048c                TIMER32_0_IRQHandler
 .text.memcpy   0x00000000000004dc        0x8 /Applications/lpcxpresso_6.1.2_177/lpcxpresso/tools/bin/../lib/gcc/arm-none-eabi/4.6.2/../../../../arm-none-eabi/lib/armv6-m/libcr_c.a(memcpy.o)
                0x00000000000004dc                memcpy
 .text.__aeabi_division_idivmod
                0x00000000000004e4        0x6 /Applications/lpcxpresso_6.1.2_177/lpcxpresso/tools/bin/../lib/gcc/arm-none-eabi/4.6.2/armv6-m/libcr_eabihelpers.a(division.o)
                0x00000000000004e4                __aeabi_idiv
                0x00000000000004e4                __aeabi_idivmod
 .text.__aeabi_division_uidivmod
                0x00000000000004ea       0x72 /Applications/lpcxpresso_6.1.2_177/lpcxpresso/tools/bin/../lib/gcc/arm-none-eabi/4.6.2/armv6-m/libcr_eabihelpers.a(division.o)
                0x00000000000004ea                __aeabi_uidiv
                0x00000000000004ea                __aeabi_uidivmod
 .text.__aeabi_division_idiv0
                0x000000000000055c        0x2 /Applications/lpcxpresso_6.1.2_177/lpcxpresso/tools/bin/../lib/gcc/arm-none-eabi/4.6.2/armv6-m/libcr_eabihelpers.a(division.o)
                0x000000000000055c                __aeabi_idiv0
 .text.__aeabi_memcpy
                0x000000000000055e       0x2c /Applications/lpcxpresso_6.1.2_177/lpcxpresso/tools/bin/../lib/gcc/arm-none-eabi/4.6.2/armv6-m/libcr_eabihelpers.a(memcpy.o)
                0x000000000000055e                __aeabi_memcpy
                0x000000000000055e                __aeabi_memcpy4
                0x000000000000055e                __aeabi_memcpy8
 *(.rodata .rodata.* .constdata .constdata.*)
 *fill*         0x000000000000058a        0x2 00
 .rodata        0x000000000000058c       0x4c ./src/main.o
 .rodata        0x00000000000005d8       0x10 ./driver/gpio.o
                0x00000000000005e8                . = ALIGN (0x4)

.glue_7         0x00000000000005e8        0x0
 .glue_7        0x0000000000000000        0x0 linker stubs

.glue_7t        0x00000000000005e8        0x0
 .glue_7t       0x0000000000000000        0x0 linker stubs

.vfp11_veneer   0x00000000000005e8        0x0
 .vfp11_veneer  0x0000000000000000        0x0 linker stubs

.v4_bx          0x00000000000005e8        0x0
 .v4_bx         0x0000000000000000        0x0 linker stubs

.ARM.extab
 *(.ARM.extab* .gnu.linkonce.armextab.*)
                0x00000000000005e8                __exidx_start = .

.ARM.exidx
 *(.ARM.exidx* .gnu.linkonce.armexidx.*)
                0x00000000000005e8                __exidx_end = .
                0x00000000000005e8                _etext = .

.data_RAM2      0x0000000020004000        0x0 load address 0x00000000000005e8
 FILL mask 0xff
 *(.data.$RAM2*)
 *(.data.$RamUsb2*)
                0x0000000020004000                . = ALIGN (0x4)

.uninit_RESERVED
                0x0000000010000000        0x0
 *(.bss.$RESERVED*)
                0x0000000010000000                . = ALIGN (0x4)
                0x0000000010000000                _end_uninit_RESERVED = .

.data           0x0000000010000000        0x0 load address 0x00000000000005e8
 FILL mask 0xff
                0x0000000010000000                _data = .
 *(vtable)
 *(.data*)
                0x0000000010000000                . = ALIGN (0x4)
                0x0000000010000000                _edata = .

.bss_RAM2       0x0000000020004000        0x0
 *(.bss.$RAM2*)
 *(.bss.$RamUsb2*)
                0x0000000020004000                . = ALIGN (0x4)

.bss            0x0000000010000000       0x10
                0x0000000010000000                _bss = .
 *(.bss*)
 .bss           0x0000000010000000       0x10 ./driver/timer32.o
                0x0000000010000000                timer32_0_period
                0x0000000010000004                timer32_0_counter
                0x0000000010000008                timer32_0_capture
                0x000000001000000c                timer32_1_period
 *(COMMON)
                0x0000000010000010                . = ALIGN (0x4)
                0x0000000010000010                _ebss = .
                0x0000000010000010                PROVIDE (end, .)

.noinit_RAM2    0x0000000020004000        0x0
 *(.noinit.$RAM2*)
 *(.noinit.$RamUsb2*)
                0x0000000020004000                . = ALIGN (0x4)

.noinit         0x0000000010000010        0x0
                0x0000000010000010                _noinit = .
 *(.noinit*)
                0x0000000010000010                . = ALIGN (0x4)
                0x0000000010000010                _end_noinit = .
                0x0000000010000010                PROVIDE (_pvHeapStart, .)
                0x0000000010001000                PROVIDE (_vStackTop, (__top_RamLoc4 - 0x0))
OUTPUT(asm_xample11.axf elf32-littlearm)

.debug_info     0x0000000000000000     0x28aa
 .debug_info    0x0000000000000000      0x1bd ./src/cr_startup_lpc11.o
 .debug_info    0x00000000000001bd       0x7c ./src/fibonacci.o
 .debug_info    0x0000000000000239      0x337 ./src/main.o
 .debug_info    0x0000000000000570       0x70 ./driver/adc.o
 .debug_info    0x00000000000005e0       0x70 ./driver/can.o
 .debug_info    0x0000000000000650       0x70 ./driver/clkconfig.o
 .debug_info    0x00000000000006c0       0x92 ./driver/crp.o
 .debug_info    0x0000000000000752       0x70 ./driver/debug_printf.o
 .debug_info    0x00000000000007c2      0x7fb ./driver/gpio.o
 .debug_info    0x0000000000000fbd       0x70 ./driver/i2c.o
 .debug_info    0x000000000000102d       0x70 ./driver/i2cslave.o
 .debug_info    0x000000000000109d       0x70 ./driver/lpc_swu.o
 .debug_info    0x000000000000110d       0x70 ./driver/rs485.o
 .debug_info    0x000000000000117d       0x70 ./driver/small_gpio.o
 .debug_info    0x00000000000011ed       0x70 ./driver/ssp.o
 .debug_info    0x000000000000125d       0x70 ./driver/timer16.o
 .debug_info    0x00000000000012cd      0xcd1 ./driver/timer32.o
 .debug_info    0x0000000000001f9e       0x70 ./driver/uart.o
 .debug_info    0x000000000000200e       0x70 ./driver/wdt.o
 .debug_info    0x000000000000207e      0x2ab ./cmsis/core_cm0.o
 .debug_info    0x0000000000002329      0x581 ./cmsis/system_LPC11xx.o

.debug_abbrev   0x0000000000000000      0x9bc
 .debug_abbrev  0x0000000000000000       0xcd ./src/cr_startup_lpc11.o
 .debug_abbrev  0x00000000000000cd       0x14 ./src/fibonacci.o
 .debug_abbrev  0x00000000000000e1      0x13f ./src/main.o
 .debug_abbrev  0x0000000000000220       0x2c ./driver/adc.o
 .debug_abbrev  0x000000000000024c       0x2c ./driver/can.o
 .debug_abbrev  0x0000000000000278       0x2c ./driver/clkconfig.o
 .debug_abbrev  0x00000000000002a4       0x51 ./driver/crp.o
 .debug_abbrev  0x00000000000002f5       0x2c ./driver/debug_printf.o
 .debug_abbrev  0x0000000000000321      0x192 ./driver/gpio.o
 .debug_abbrev  0x00000000000004b3       0x2c ./driver/i2c.o
 .debug_abbrev  0x00000000000004df       0x2c ./driver/i2cslave.o
 .debug_abbrev  0x000000000000050b       0x2c ./driver/lpc_swu.o
 .debug_abbrev  0x0000000000000537       0x2c ./driver/rs485.o
 .debug_abbrev  0x0000000000000563       0x2c ./driver/small_gpio.o
 .debug_abbrev  0x000000000000058f       0x2c ./driver/ssp.o
 .debug_abbrev  0x00000000000005bb       0x2c ./driver/timer16.o
 .debug_abbrev  0x00000000000005e7      0x18a ./driver/timer32.o
 .debug_abbrev  0x0000000000000771       0x2c ./driver/uart.o
 .debug_abbrev  0x000000000000079d       0x2c ./driver/wdt.o
 .debug_abbrev  0x00000000000007c9       0xd0 ./cmsis/core_cm0.o
 .debug_abbrev  0x0000000000000899      0x123 ./cmsis/system_LPC11xx.o

.debug_loc      0x0000000000000000      0x776
 .debug_loc     0x0000000000000000      0x140 ./src/cr_startup_lpc11.o
 .debug_loc     0x0000000000000140       0x72 ./src/main.o
 .debug_loc     0x00000000000001b2      0x1b4 ./driver/gpio.o
 .debug_loc     0x0000000000000366      0x1ec ./driver/timer32.o
 .debug_loc     0x0000000000000552      0x188 ./cmsis/core_cm0.o
 .debug_loc     0x00000000000006da       0x9c ./cmsis/system_LPC11xx.o

.debug_aranges  0x0000000000000000      0x1f0
 .debug_aranges
                0x0000000000000000       0x50 ./src/cr_startup_lpc11.o
 .debug_aranges
                0x0000000000000050       0x20 ./src/fibonacci.o
 .debug_aranges
                0x0000000000000070       0x28 ./src/main.o
 .debug_aranges
                0x0000000000000098       0x58 ./driver/gpio.o
 .debug_aranges
                0x00000000000000f0       0x60 ./driver/timer32.o
 .debug_aranges
                0x0000000000000150       0x70 ./cmsis/core_cm0.o
 .debug_aranges
                0x00000000000001c0       0x30 ./cmsis/system_LPC11xx.o

.debug_ranges   0x0000000000000000      0x170
 .debug_ranges  0x0000000000000000       0x40 ./src/cr_startup_lpc11.o
 .debug_ranges  0x0000000000000040       0x18 ./src/main.o
 .debug_ranges  0x0000000000000058       0x48 ./driver/gpio.o
 .debug_ranges  0x00000000000000a0       0x50 ./driver/timer32.o
 .debug_ranges  0x00000000000000f0       0x60 ./cmsis/core_cm0.o
 .debug_ranges  0x0000000000000150       0x20 ./cmsis/system_LPC11xx.o

.debug_line     0x0000000000000000     0x4eab
 .debug_line    0x0000000000000000       0xec ./src/cr_startup_lpc11.o
 .debug_line    0x00000000000000ec       0x4c ./src/fibonacci.o
 .debug_line    0x0000000000000138      0x4d4 ./src/main.o
 .debug_line    0x000000000000060c      0x3de ./driver/adc.o
 .debug_line    0x00000000000009ea      0x3de ./driver/can.o
 .debug_line    0x0000000000000dc8      0x3e4 ./driver/clkconfig.o
 .debug_line    0x00000000000011ac      0x3e7 ./driver/crp.o
 .debug_line    0x0000000000001593      0x3e7 ./driver/debug_printf.o
 .debug_line    0x000000000000197a      0x4dc ./driver/gpio.o
 .debug_line    0x0000000000001e56      0x3de ./driver/i2c.o
 .debug_line    0x0000000000002234      0x3e3 ./driver/i2cslave.o
 .debug_line    0x0000000000002617      0x3e2 ./driver/lpc_swu.o
 .debug_line    0x00000000000029f9      0x3e0 ./driver/rs485.o
 .debug_line    0x0000000000002dd9      0x3e5 ./driver/small_gpio.o
 .debug_line    0x00000000000031be      0x3de ./driver/ssp.o
 .debug_line    0x000000000000359c      0x3ef ./driver/timer16.o
 .debug_line    0x000000000000398b      0x527 ./driver/timer32.o
 .debug_line    0x0000000000003eb2      0x3df ./driver/uart.o
 .debug_line    0x0000000000004291      0x3e7 ./driver/wdt.o
 .debug_line    0x0000000000004678      0x3f5 ./cmsis/core_cm0.o
 .debug_line    0x0000000000004a6d      0x43e ./cmsis/system_LPC11xx.o

.debug_macinfo  0x0000000000000000    0x6fc04
 .debug_macinfo
                0x0000000000000000     0x2236 ./src/cr_startup_lpc11.o
 .debug_macinfo
                0x0000000000002236     0x61c6 ./src/main.o
 .debug_macinfo
                0x00000000000083fc     0x5da9 ./driver/adc.o
 .debug_macinfo
                0x000000000000e1a5     0x5da9 ./driver/can.o
 .debug_macinfo
                0x0000000000013f4e     0x5da9 ./driver/clkconfig.o
 .debug_macinfo
                0x0000000000019cf7     0x5f22 ./driver/crp.o
 .debug_macinfo
                0x000000000001fc19     0x5da9 ./driver/debug_printf.o
 .debug_macinfo
                0x00000000000259c2     0x5de1 ./driver/gpio.o
 .debug_macinfo
                0x000000000002b7a3     0x5da9 ./driver/i2c.o
 .debug_macinfo
                0x000000000003154c     0x5da9 ./driver/i2cslave.o
 .debug_macinfo
                0x00000000000372f5     0x5da9 ./driver/lpc_swu.o
 .debug_macinfo
                0x000000000003d09e     0x5da9 ./driver/rs485.o
 .debug_macinfo
                0x0000000000042e47     0x5da9 ./driver/small_gpio.o
 .debug_macinfo
                0x0000000000048bf0     0x5da9 ./driver/ssp.o
 .debug_macinfo
                0x000000000004e999     0x5dbc ./driver/timer16.o
 .debug_macinfo
                0x0000000000054755     0x5e5b ./driver/timer32.o
 .debug_macinfo
                0x000000000005a5b0     0x5da9 ./driver/uart.o
 .debug_macinfo
                0x0000000000060359     0x5db8 ./driver/wdt.o
 .debug_macinfo
                0x0000000000066111     0x3c2b ./cmsis/core_cm0.o
 .debug_macinfo
                0x0000000000069d3c     0x5ec8 ./cmsis/system_LPC11xx.o

.debug_str      0x0000000000000000      0xc79
 .debug_str     0x0000000000000000      0x164 ./src/cr_startup_lpc11.o
                                        0x171 (size before relaxing)
 .debug_str     0x0000000000000164       0xee ./src/main.o
                                        0x1bf (size before relaxing)
 .debug_str     0x0000000000000252       0x10 ./driver/adc.o
                                        0x113 (size before relaxing)
 .debug_str     0x0000000000000262       0x10 ./driver/can.o
                                        0x113 (size before relaxing)
 .debug_str     0x0000000000000272       0x16 ./driver/clkconfig.o
                                        0x119 (size before relaxing)
 .debug_str     0x0000000000000288       0x19 ./driver/crp.o
                                        0x125 (size before relaxing)
 .debug_str     0x00000000000002a1       0x19 ./driver/debug_printf.o
                                        0x11c (size before relaxing)
 .debug_str     0x00000000000002ba      0x337 ./driver/gpio.o
                                        0x484 (size before relaxing)
 .debug_str     0x00000000000005f1       0x10 ./driver/i2c.o
                                        0x113 (size before relaxing)
 .debug_str     0x0000000000000601       0x15 ./driver/i2cslave.o
                                        0x118 (size before relaxing)
 .debug_str     0x0000000000000616       0x14 ./driver/lpc_swu.o
                                        0x117 (size before relaxing)
 .debug_str     0x000000000000062a       0x12 ./driver/rs485.o
                                        0x115 (size before relaxing)
 .debug_str     0x000000000000063c       0x17 ./driver/small_gpio.o
                                        0x11a (size before relaxing)
 .debug_str     0x0000000000000653       0x10 ./driver/ssp.o
                                        0x113 (size before relaxing)
 .debug_str     0x0000000000000663       0x14 ./driver/timer16.o
                                        0x117 (size before relaxing)
 .debug_str     0x0000000000000677      0x4d0 ./driver/timer32.o
                                        0x88e (size before relaxing)
 .debug_str     0x0000000000000b47       0x11 ./driver/uart.o
                                        0x114 (size before relaxing)
 .debug_str     0x0000000000000b58       0x10 ./driver/wdt.o
                                        0x113 (size before relaxing)
 .debug_str     0x0000000000000b68       0xc8 ./cmsis/core_cm0.o
                                        0x1ea (size before relaxing)
 .debug_str     0x0000000000000c30       0x49 ./cmsis/system_LPC11xx.o
                                        0x411 (size before relaxing)

.comment        0x0000000000000000       0x70
 .comment       0x0000000000000000       0x70 ./src/cr_startup_lpc11.o
                                         0x71 (size before relaxing)
 .comment       0x0000000000000000       0x71 ./src/main.o
 .comment       0x0000000000000000       0x71 ./driver/adc.o
 .comment       0x0000000000000000       0x71 ./driver/can.o
 .comment       0x0000000000000000       0x71 ./driver/clkconfig.o
 .comment       0x0000000000000000       0x71 ./driver/crp.o
 .comment       0x0000000000000000       0x71 ./driver/debug_printf.o
 .comment       0x0000000000000000       0x71 ./driver/gpio.o
 .comment       0x0000000000000000       0x71 ./driver/i2c.o
 .comment       0x0000000000000000       0x71 ./driver/i2cslave.o
 .comment       0x0000000000000000       0x71 ./driver/lpc_swu.o
 .comment       0x0000000000000000       0x71 ./driver/rs485.o
 .comment       0x0000000000000000       0x71 ./driver/small_gpio.o
 .comment       0x0000000000000000       0x71 ./driver/ssp.o
 .comment       0x0000000000000000       0x71 ./driver/timer16.o
 .comment       0x0000000000000000       0x71 ./driver/timer32.o
 .comment       0x0000000000000000       0x71 ./driver/uart.o
 .comment       0x0000000000000000       0x71 ./driver/wdt.o
 .comment       0x0000000000000000       0x71 ./cmsis/core_cm0.o
 .comment       0x0000000000000000       0x71 ./cmsis/system_LPC11xx.o
 .comment       0x0000000000000000       0x71 /Applications/lpcxpresso_6.1.2_177/lpcxpresso/tools/bin/../lib/gcc/arm-none-eabi/4.6.2/../../../../arm-none-eabi/lib/armv6-m/libcr_c.a(memcpy.o)

.ARM.attributes
                0x0000000000000000       0x2f
 .ARM.attributes
                0x0000000000000000       0x31 ./src/cr_startup_lpc11.o
 .ARM.attributes
                0x0000000000000031       0x21 ./src/fibonacci.o
 .ARM.attributes
                0x0000000000000052       0x31 ./src/main.o
 .ARM.attributes
                0x0000000000000083       0x31 ./driver/adc.o
 .ARM.attributes
                0x00000000000000b4       0x31 ./driver/can.o
 .ARM.attributes
                0x00000000000000e5       0x31 ./driver/clkconfig.o
 .ARM.attributes
                0x0000000000000116       0x31 ./driver/crp.o
 .ARM.attributes
                0x0000000000000147       0x31 ./driver/debug_printf.o
 .ARM.attributes
                0x0000000000000178       0x31 ./driver/gpio.o
 .ARM.attributes
                0x00000000000001a9       0x31 ./driver/i2c.o
 .ARM.attributes
                0x00000000000001da       0x31 ./driver/i2cslave.o
 .ARM.attributes
                0x000000000000020b       0x31 ./driver/lpc_swu.o
 .ARM.attributes
                0x000000000000023c       0x31 ./driver/rs485.o
 .ARM.attributes
                0x000000000000026d       0x31 ./driver/small_gpio.o
 .ARM.attributes
                0x000000000000029e       0x31 ./driver/ssp.o
 .ARM.attributes
                0x00000000000002cf       0x31 ./driver/timer16.o
 .ARM.attributes
                0x0000000000000300       0x31 ./driver/timer32.o
 .ARM.attributes
                0x0000000000000331       0x31 ./driver/uart.o
 .ARM.attributes
                0x0000000000000362       0x31 ./driver/wdt.o
 .ARM.attributes
                0x0000000000000393       0x31 ./cmsis/core_cm0.o
 .ARM.attributes
                0x00000000000003c4       0x31 ./cmsis/system_LPC11xx.o
 .ARM.attributes
                0x00000000000003f5       0x31 /Applications/lpcxpresso_6.1.2_177/lpcxpresso/tools/bin/../lib/gcc/arm-none-eabi/4.6.2/../../../../arm-none-eabi/lib/armv6-m/libcr_c.a(memcpy.o)
 .ARM.attributes
                0x0000000000000426       0x21 /Applications/lpcxpresso_6.1.2_177/lpcxpresso/tools/bin/../lib/gcc/arm-none-eabi/4.6.2/armv6-m/libcr_eabihelpers.a(division.o)
 .ARM.attributes
                0x0000000000000447       0x21 /Applications/lpcxpresso_6.1.2_177/lpcxpresso/tools/bin/../lib/gcc/arm-none-eabi/4.6.2/armv6-m/libcr_eabihelpers.a(memcpy.o)

.debug_frame    0x0000000000000000      0x530
 .debug_frame   0x0000000000000000       0xd8 ./src/cr_startup_lpc11.o
 .debug_frame   0x00000000000000d8       0x50 ./src/main.o
 .debug_frame   0x0000000000000128      0x124 ./driver/gpio.o
 .debug_frame   0x000000000000024c      0x130 ./driver/timer32.o
 .debug_frame   0x000000000000037c      0x144 ./cmsis/core_cm0.o
 .debug_frame   0x00000000000004c0       0x70 ./cmsis/system_LPC11xx.o
