16:50:02 **** Incremental Build of configuration Debug for project asm_xample11 ****
make all 
Building file: ../src/main.c
Invoking: MCU C Compiler
arm-none-eabi-gcc -DDEBUG -D__CODE_RED -D__REDLIB__ -I"/Users/emilyleach314/Documents/JUNYA/DDL/asm_xample11/asm_xample11/driver" -I"/Users/emilyleach314/Documents/JUNYA/DDL/asm_xample11/asm_xample11/cmsis" -I"/Users/emilyleach314/Documents/JUNYA/DDL/asm_xample11/asm_xample11/config" -O0 -g3 -Wall -c -fmessage-length=0 -fno-builtin -ffunction-sections -Wa,-ahlnds=main.asm -mcpu=cortex-m0 -mthumb -MMD -MP -MF"src/main.d" -MT"src/main.d" -o "src/main.o" "../src/main.c"
../src/main.c: In function 'main':
../src/main.c:80:1: warning: control reaches end of non-void function [-Wreturn-type]
Finished building: ../src/main.c
 
Building target: asm_xample11.axf
Invoking: MCU Linker
arm-none-eabi-gcc -nostdlib -Xlinker --gc-sections -Xlinker -Map=asm_xample11.map -mcpu=cortex-m0 -mthumb -T "asm_xample11_Debug.ld" -o "asm_xample11.axf"  ./src/cr_startup_lpc11.o ./src/fibonacci.o ./src/main.o  ./driver/adc.o ./driver/can.o ./driver/clkconfig.o ./driver/crp.o ./driver/debug_printf.o ./driver/gpio.o ./driver/i2c.o ./driver/i2cslave.o ./driver/lpc_swu.o ./driver/rs485.o ./driver/small_gpio.o ./driver/ssp.o ./driver/timer16.o ./driver/timer32.o ./driver/uart.o ./driver/wdt.o  ./cmsis/core_cm0.o ./cmsis/system_LPC11xx.o   
Finished building target: asm_xample11.axf
 
make --no-print-directory post-build
Performing post-build steps
arm-none-eabi-size asm_xample11.axf; # arm-none-eabi-objcopy -O ihex asm_xample11.axf asm_xample11.hex ;
   text	   data	    bss	    dec	    hex	filename
   1588	      0	     16	   1604	    644	asm_xample11.axf
 

16:50:03 Build Finished (took 440ms)

