14:03:23 **** Incremental Build of configuration Debug for project asm_xample11 ****
make all 
Building file: ../src/main.c
Invoking: MCU C Compiler
arm-none-eabi-gcc -DDEBUG -D__CODE_RED -D__REDLIB__ -I"/Users/madisonrockwell/Documents/LPCXpresso_6.1.2/workspace/asm_xample11/asm_xample11/driver" -I"/Users/madisonrockwell/Documents/LPCXpresso_6.1.2/workspace/asm_xample11/asm_xample11/cmsis" -I"/Users/madisonrockwell/Documents/LPCXpresso_6.1.2/workspace/asm_xample11/asm_xample11/config" -O0 -g3 -Wall -c -fmessage-length=0 -fno-builtin -ffunction-sections -Wa,-ahlnds=main.asm -mcpu=cortex-m0 -mthumb -MMD -MP -MF"src/main.d" -MT"src/main.d" -o "src/main.o" "../src/main.c"
../src/main.c: In function 'translateFib':
Finished building: ../src/main.c
../src/main.c:41:14: warning: comparison between pointer and integer [enabled by default]
 
Building target: asm_xample11.axf
Invoking: MCU Linker
../src/main.c:41:14: warning: comparison with string literal results in unspecified behavior [-Waddress]
../src/main.c:47:20: warning: comparison between pointer and integer [enabled by default]
../src/main.c:47:20: warning: comparison with string literal results in unspecified behavior [-Waddress]
../src/main.c: In function 'main':
../src/main.c:70:1: warning: control reaches end of non-void function [-Wreturn-type]
arm-none-eabi-gcc -nostdlib -Xlinker --gc-sections -Xlinker -Map=asm_xample11.map -mcpu=cortex-m0 -mthumb -T "asm_xample11_Debug.ld" -o "asm_xample11.axf"  ./src/cr_startup_lpc11.o ./src/fibonacci.o ./src/main.o  ./driver/adc.o ./driver/can.o ./driver/clkconfig.o ./driver/crp.o ./driver/debug_printf.o ./driver/gpio.o ./driver/i2c.o ./driver/i2cslave.o ./driver/lpc_swu.o ./driver/rs485.o ./driver/small_gpio.o ./driver/ssp.o ./driver/timer16.o ./driver/timer32.o ./driver/uart.o ./driver/wdt.o  ./cmsis/core_cm0.o ./cmsis/system_LPC11xx.o   
Finished building target: asm_xample11.axf
 
make --no-print-directory post-build
Performing post-build steps
arm-none-eabi-size asm_xample11.axf; # arm-none-eabi-objcopy -O ihex asm_xample11.axf asm_xample11.hex ;
   text	   data	    bss	    dec	    hex	filename
   1408	      0	     16	   1424	    590	asm_xample11.axf
 
14:04:58 **** Incremental Build of configuration Debug for project asm_xample11 ****
make all 
Building file: ../src/main.c
Invoking: MCU C Compiler
arm-none-eabi-gcc -DDEBUG -D__CODE_RED -D__REDLIB__ -I"/Users/madisonrockwell/Documents/LPCXpresso_6.1.2/workspace/asm_xample11/asm_xample11/driver" -I"/Users/madisonrockwell/Documents/LPCXpresso_6.1.2/workspace/asm_xample11/asm_xample11/cmsis" -I"/Users/madisonrockwell/Documents/LPCXpresso_6.1.2/workspace/asm_xample11/asm_xample11/config" -O0 -g3 -Wall -c -fmessage-length=0 -fno-builtin -ffunction-sections -Wa,-ahlnds=main.asm -mcpu=cortex-m0 -mthumb -MMD -MP -MF"src/main.d" -MT"src/main.d" -o "src/main.o" "../src/main.c"
../src/main.c: In function 'translateFib':
../src/main.c:41:14: warning: comparison between pointer and integer [enabled by default]
Finished building: ../src/main.c
 
Building target: asm_xample11.axf
Invoking: MCU Linker
../src/main.c:41:14: warning: comparison with string literal results in unspecified behavior [-Waddress]
../src/main.c:47:20: warning: comparison between pointer and integer [enabled by default]
../src/main.c:47:20: warning: comparison with string literal results in unspecified behavior [-Waddress]
../src/main.c: In function 'main':
../src/main.c:70:1: warning: control reaches end of non-void function [-Wreturn-type]
arm-none-eabi-gcc -nostdlib -Xlinker --gc-sections -Xlinker -Map=asm_xample11.map -mcpu=cortex-m0 -mthumb -T "asm_xample11_Debug.ld" -o "asm_xample11.axf"  ./src/cr_startup_lpc11.o ./src/fibonacci.o ./src/main.o  ./driver/adc.o ./driver/can.o ./driver/clkconfig.o ./driver/crp.o ./driver/debug_printf.o ./driver/gpio.o ./driver/i2c.o ./driver/i2cslave.o ./driver/lpc_swu.o ./driver/rs485.o ./driver/small_gpio.o ./driver/ssp.o ./driver/timer16.o ./driver/timer32.o ./driver/uart.o ./driver/wdt.o  ./cmsis/core_cm0.o ./cmsis/system_LPC11xx.o   
Finished building target: asm_xample11.axf
 
make --no-print-directory post-build
Performing post-build steps
arm-none-eabi-size asm_xample11.axf; # arm-none-eabi-objcopy -O ihex asm_xample11.axf asm_xample11.hex ;
   text	   data	    bss	    dec	    hex	filename
   1408	      0	     16	   1424	    590	asm_xample11.axf
 
14:06:14 **** Incremental Build of configuration Debug for project asm_xample11 ****
make all 
Building file: ../src/main.c
Invoking: MCU C Compiler
arm-none-eabi-gcc -DDEBUG -D__CODE_RED -D__REDLIB__ -I"/Users/madisonrockwell/Documents/LPCXpresso_6.1.2/workspace/asm_xample11/asm_xample11/driver" -I"/Users/madisonrockwell/Documents/LPCXpresso_6.1.2/workspace/asm_xample11/asm_xample11/cmsis" -I"/Users/madisonrockwell/Documents/LPCXpresso_6.1.2/workspace/asm_xample11/asm_xample11/config" -O0 -g3 -Wall -c -fmessage-length=0 -fno-builtin -ffunction-sections -Wa,-ahlnds=main.asm -mcpu=cortex-m0 -mthumb -MMD -MP -MF"src/main.d" -MT"src/main.d" -o "src/main.o" "../src/main.c"
../src/main.c: In function 'translateFib':
Finished building: ../src/main.c
../src/main.c:42:14: warning: comparison between pointer and integer [enabled by default]
 
Building target: asm_xample11.axf
Invoking: MCU Linker
arm-none-eabi-gcc -nostdlib -Xlinker --gc-sections -Xlinker -Map=asm_xample11.map -mcpu=cortex-m0 -mthumb -T "asm_xample11_Debug.ld" -o "asm_xample11.axf"  ./src/cr_startup_lpc11.o ./src/fibonacci.o ./src/main.o  ./driver/adc.o ./driver/can.o ./driver/clkconfig.o ./driver/crp.o ./driver/debug_printf.o ./driver/gpio.o ./driver/i2c.o ./driver/i2cslave.o ./driver/lpc_swu.o ./driver/rs485.o ./driver/small_gpio.o ./driver/ssp.o ./driver/timer16.o ./driver/timer32.o ./driver/uart.o ./driver/wdt.o  ./cmsis/core_cm0.o ./cmsis/system_LPC11xx.o   
Finished building target: asm_xample11.axf
 
make --no-print-directory post-build
Performing post-build steps
arm-none-eabi-size asm_xample11.axf; # arm-none-eabi-objcopy -O ihex asm_xample11.axf asm_xample11.hex ;
   text	   data	    bss	    dec	    hex	filename
   1420	      0	     16	   1436	    59c	asm_xample11.axf
 
../src/main.c:42:14: warning: comparison with string literal results in unspecified behavior [-Waddress]
../src/main.c:48:20: warning: comparison between pointer and integer [enabled by default]
../src/main.c:48:20: warning: comparison with string literal results in unspecified behavior [-Waddress]
../src/main.c: In function 'main':
../src/main.c:71:1: warning: control reaches end of non-void function [-Wreturn-type]
14:07:15 **** Incremental Build of configuration Debug for project asm_xample11 ****
make all 
Building file: ../src/main.c
Invoking: MCU C Compiler
arm-none-eabi-gcc -DDEBUG -D__CODE_RED -D__REDLIB__ -I"/Users/madisonrockwell/Documents/LPCXpresso_6.1.2/workspace/asm_xample11/asm_xample11/driver" -I"/Users/madisonrockwell/Documents/LPCXpresso_6.1.2/workspace/asm_xample11/asm_xample11/cmsis" -I"/Users/madisonrockwell/Documents/LPCXpresso_6.1.2/workspace/asm_xample11/asm_xample11/config" -O0 -g3 -Wall -c -fmessage-length=0 -fno-builtin -ffunction-sections -Wa,-ahlnds=main.asm -mcpu=cortex-m0 -mthumb -MMD -MP -MF"src/main.d" -MT"src/main.d" -o "src/main.o" "../src/main.c"
../src/main.c: In function 'main':
../src/main.c:71:1: warning: control reaches end of non-void function [-Wreturn-type]
Finished building: ../src/main.c
 
Building target: asm_xample11.axf
Invoking: MCU Linker
arm-none-eabi-gcc -nostdlib -Xlinker --gc-sections -Xlinker -Map=asm_xample11.map -mcpu=cortex-m0 -mthumb -T "asm_xample11_Debug.ld" -o "asm_xample11.axf"  ./src/cr_startup_lpc11.o ./src/fibonacci.o ./src/main.o  ./driver/adc.o ./driver/can.o ./driver/clkconfig.o ./driver/crp.o ./driver/debug_printf.o ./driver/gpio.o ./driver/i2c.o ./driver/i2cslave.o ./driver/lpc_swu.o ./driver/rs485.o ./driver/small_gpio.o ./driver/ssp.o ./driver/timer16.o ./driver/timer32.o ./driver/uart.o ./driver/wdt.o  ./cmsis/core_cm0.o ./cmsis/system_LPC11xx.o   
Finished building target: asm_xample11.axf
 
make --no-print-directory post-build
Performing post-build steps
arm-none-eabi-size asm_xample11.axf; # arm-none-eabi-objcopy -O ihex asm_xample11.axf asm_xample11.hex ;
   text	   data	    bss	    dec	    hex	filename
   1396	      0	     16	   1412	    584	asm_xample11.axf
 
14:08:17 **** Incremental Build of configuration Debug for project asm_xample11 ****
make all 
Building file: ../src/main.c
Invoking: MCU C Compiler
arm-none-eabi-gcc -DDEBUG -D__CODE_RED -D__REDLIB__ -I"/Users/madisonrockwell/Documents/LPCXpresso_6.1.2/workspace/asm_xample11/asm_xample11/driver" -I"/Users/madisonrockwell/Documents/LPCXpresso_6.1.2/workspace/asm_xample11/asm_xample11/cmsis" -I"/Users/madisonrockwell/Documents/LPCXpresso_6.1.2/workspace/asm_xample11/asm_xample11/config" -O0 -g3 -Wall -c -fmessage-length=0 -fno-builtin -ffunction-sections -Wa,-ahlnds=main.asm -mcpu=cortex-m0 -mthumb -MMD -MP -MF"src/main.d" -MT"src/main.d" -o "src/main.o" "../src/main.c"
../src/main.c: In function 'main':
../src/main.c:71:1: warning: control reaches end of non-void function [-Wreturn-type]
Finished building: ../src/main.c
 
Building target: asm_xample11.axf
Invoking: MCU Linker
arm-none-eabi-gcc -nostdlib -Xlinker --gc-sections -Xlinker -Map=asm_xample11.map -mcpu=cortex-m0 -mthumb -T "asm_xample11_Debug.ld" -o "asm_xample11.axf"  ./src/cr_startup_lpc11.o ./src/fibonacci.o ./src/main.o  ./driver/adc.o ./driver/can.o ./driver/clkconfig.o ./driver/crp.o ./driver/debug_printf.o ./driver/gpio.o ./driver/i2c.o ./driver/i2cslave.o ./driver/lpc_swu.o ./driver/rs485.o ./driver/small_gpio.o ./driver/ssp.o ./driver/timer16.o ./driver/timer32.o ./driver/uart.o ./driver/wdt.o  ./cmsis/core_cm0.o ./cmsis/system_LPC11xx.o   
Finished building target: asm_xample11.axf
 
make --no-print-directory post-build
Performing post-build steps
arm-none-eabi-size asm_xample11.axf; # arm-none-eabi-objcopy -O ihex asm_xample11.axf asm_xample11.hex ;
   text	   data	    bss	    dec	    hex	filename
   1388	      0	     16	   1404	    57c	asm_xample11.axf
 
14:08:26 **** Incremental Build of configuration Debug for project asm_xample11 ****
make all 
make: Nothing to be done for `all'.
14:08:43 **** Incremental Build of configuration Debug for project asm_xample11 ****
make all 
make: Nothing to be done for `all'.
14:09:19 **** Incremental Build of configuration Debug for project asm_xample11 ****
make all 
make: Nothing to be done for `all'.
14:09:28 **** Incremental Build of configuration Debug for project asm_xample11 ****
make all 
make: Nothing to be done for `all'.
14:09:44 **** Incremental Build of configuration Debug for project asm_xample11 ****
make all 
make: Nothing to be done for `all'.
14:10:17 **** Incremental Build of configuration Debug for project asm_xample11 ****
make all 
Building file: ../src/main.c
Invoking: MCU C Compiler
arm-none-eabi-gcc -DDEBUG -D__CODE_RED -D__REDLIB__ -I"/Users/madisonrockwell/Documents/LPCXpresso_6.1.2/workspace/asm_xample11/asm_xample11/driver" -I"/Users/madisonrockwell/Documents/LPCXpresso_6.1.2/workspace/asm_xample11/asm_xample11/cmsis" -I"/Users/madisonrockwell/Documents/LPCXpresso_6.1.2/workspace/asm_xample11/asm_xample11/config" -O0 -g3 -Wall -c -fmessage-length=0 -fno-builtin -ffunction-sections -Wa,-ahlnds=main.asm -mcpu=cortex-m0 -mthumb -MMD -MP -MF"src/main.d" -MT"src/main.d" -o "src/main.o" "../src/main.c"
../src/main.c: In function 'main':
../src/main.c:71:1: warning: control reaches end of non-void function [-Wreturn-type]
Finished building: ../src/main.c
 
Building target: asm_xample11.axf
Invoking: MCU Linker
arm-none-eabi-gcc -nostdlib -Xlinker --gc-sections -Xlinker -Map=asm_xample11.map -mcpu=cortex-m0 -mthumb -T "asm_xample11_Debug.ld" -o "asm_xample11.axf"  ./src/cr_startup_lpc11.o ./src/fibonacci.o ./src/main.o  ./driver/adc.o ./driver/can.o ./driver/clkconfig.o ./driver/crp.o ./driver/debug_printf.o ./driver/gpio.o ./driver/i2c.o ./driver/i2cslave.o ./driver/lpc_swu.o ./driver/rs485.o ./driver/small_gpio.o ./driver/ssp.o ./driver/timer16.o ./driver/timer32.o ./driver/uart.o ./driver/wdt.o  ./cmsis/core_cm0.o ./cmsis/system_LPC11xx.o   
Finished building target: asm_xample11.axf
 
make --no-print-directory post-build
Performing post-build steps
arm-none-eabi-size asm_xample11.axf; # arm-none-eabi-objcopy -O ihex asm_xample11.axf asm_xample11.hex ;
   text	   data	    bss	    dec	    hex	filename
   1384	      0	     16	   1400	    578	asm_xample11.axf
 
14:11:11 **** Incremental Build of configuration Debug for project asm_xample11 ****
make all 
Building file: ../src/main.c
Invoking: MCU C Compiler
arm-none-eabi-gcc -DDEBUG -D__CODE_RED -D__REDLIB__ -I"/Users/madisonrockwell/Documents/LPCXpresso_6.1.2/workspace/asm_xample11/asm_xample11/driver" -I"/Users/madisonrockwell/Documents/LPCXpresso_6.1.2/workspace/asm_xample11/asm_xample11/cmsis" -I"/Users/madisonrockwell/Documents/LPCXpresso_6.1.2/workspace/asm_xample11/asm_xample11/config" -O0 -g3 -Wall -c -fmessage-length=0 -fno-builtin -ffunction-sections -Wa,-ahlnds=main.asm -mcpu=cortex-m0 -mthumb -MMD -MP -MF"src/main.d" -MT"src/main.d" -o "src/main.o" "../src/main.c"
../src/main.c: In function 'main':
../src/main.c:71:1: warning: control reaches end of non-void function [-Wreturn-type]
Finished building: ../src/main.c
 
Building target: asm_xample11.axf
Invoking: MCU Linker
arm-none-eabi-gcc -nostdlib -Xlinker --gc-sections -Xlinker -Map=asm_xample11.map -mcpu=cortex-m0 -mthumb -T "asm_xample11_Debug.ld" -o "asm_xample11.axf"  ./src/cr_startup_lpc11.o ./src/fibonacci.o ./src/main.o  ./driver/adc.o ./driver/can.o ./driver/clkconfig.o ./driver/crp.o ./driver/debug_printf.o ./driver/gpio.o ./driver/i2c.o ./driver/i2cslave.o ./driver/lpc_swu.o ./driver/rs485.o ./driver/small_gpio.o ./driver/ssp.o ./driver/timer16.o ./driver/timer32.o ./driver/uart.o ./driver/wdt.o  ./cmsis/core_cm0.o ./cmsis/system_LPC11xx.o   
Finished building target: asm_xample11.axf
 
make --no-print-directory post-build
Performing post-build steps
arm-none-eabi-size asm_xample11.axf; # arm-none-eabi-objcopy -O ihex asm_xample11.axf asm_xample11.hex ;
   text	   data	    bss	    dec	    hex	filename
   1384	      0	     16	   1400	    578	asm_xample11.axf
 
14:11:31 **** Incremental Build of configuration Debug for project asm_xample11 ****
make all 
make: Nothing to be done for `all'.
14:12:02 **** Incremental Build of configuration Debug for project asm_xample11 ****
make all 
make: Nothing to be done for `all'.
14:12:53 **** Incremental Build of configuration Debug for project asm_xample11 ****
make all 
Building file: ../src/main.c
Invoking: MCU C Compiler
arm-none-eabi-gcc -DDEBUG -D__CODE_RED -D__REDLIB__ -I"/Users/madisonrockwell/Documents/LPCXpresso_6.1.2/workspace/asm_xample11/asm_xample11/driver" -I"/Users/madisonrockwell/Documents/LPCXpresso_6.1.2/workspace/asm_xample11/asm_xample11/cmsis" -I"/Users/madisonrockwell/Documents/LPCXpresso_6.1.2/workspace/asm_xample11/asm_xample11/config" -O0 -g3 -Wall -c -fmessage-length=0 -fno-builtin -ffunction-sections -Wa,-ahlnds=main.asm -mcpu=cortex-m0 -mthumb -MMD -MP -MF"src/main.d" -MT"src/main.d" -o "src/main.o" "../src/main.c"
../src/main.c: In function 'main':
../src/main.c:71:1: warning: control reaches end of non-void function [-Wreturn-type]
Finished building: ../src/main.c
 
Building target: asm_xample11.axf
Invoking: MCU Linker
arm-none-eabi-gcc -nostdlib -Xlinker --gc-sections -Xlinker -Map=asm_xample11.map -mcpu=cortex-m0 -mthumb -T "asm_xample11_Debug.ld" -o "asm_xample11.axf"  ./src/cr_startup_lpc11.o ./src/fibonacci.o ./src/main.o  ./driver/adc.o ./driver/can.o ./driver/clkconfig.o ./driver/crp.o ./driver/debug_printf.o ./driver/gpio.o ./driver/i2c.o ./driver/i2cslave.o ./driver/lpc_swu.o ./driver/rs485.o ./driver/small_gpio.o ./driver/ssp.o ./driver/timer16.o ./driver/timer32.o ./driver/uart.o ./driver/wdt.o  ./cmsis/core_cm0.o ./cmsis/system_LPC11xx.o   
Finished building target: asm_xample11.axf
 
make --no-print-directory post-build
Performing post-build steps
arm-none-eabi-size asm_xample11.axf; # arm-none-eabi-objcopy -O ihex asm_xample11.axf asm_xample11.hex ;
   text	   data	    bss	    dec	    hex	filename
   1384	      0	     16	   1400	    578	asm_xample11.axf
 
14:14:57 **** Incremental Build of configuration Debug for project asm_xample11 ****
make all 
Building file: ../src/main.c
Invoking: MCU C Compiler
arm-none-eabi-gcc -DDEBUG -D__CODE_RED -D__REDLIB__ -I"/Users/madisonrockwell/Documents/LPCXpresso_6.1.2/workspace/asm_xample11/asm_xample11/driver" -I"/Users/madisonrockwell/Documents/LPCXpresso_6.1.2/workspace/asm_xample11/asm_xample11/cmsis" -I"/Users/madisonrockwell/Documents/LPCXpresso_6.1.2/workspace/asm_xample11/asm_xample11/config" -O0 -g3 -Wall -c -fmessage-length=0 -fno-builtin -ffunction-sections -Wa,-ahlnds=main.asm -mcpu=cortex-m0 -mthumb -MMD -MP -MF"src/main.d" -MT"src/main.d" -o "src/main.o" "../src/main.c"
../src/main.c: In function 'main':
../src/main.c:71:1: warning: control reaches end of non-void function [-Wreturn-type]
Finished building: ../src/main.c
 
Building target: asm_xample11.axf
Invoking: MCU Linker
arm-none-eabi-gcc -nostdlib -Xlinker --gc-sections -Xlinker -Map=asm_xample11.map -mcpu=cortex-m0 -mthumb -T "asm_xample11_Debug.ld" -o "asm_xample11.axf"  ./src/cr_startup_lpc11.o ./src/fibonacci.o ./src/main.o  ./driver/adc.o ./driver/can.o ./driver/clkconfig.o ./driver/crp.o ./driver/debug_printf.o ./driver/gpio.o ./driver/i2c.o ./driver/i2cslave.o ./driver/lpc_swu.o ./driver/rs485.o ./driver/small_gpio.o ./driver/ssp.o ./driver/timer16.o ./driver/timer32.o ./driver/uart.o ./driver/wdt.o  ./cmsis/core_cm0.o ./cmsis/system_LPC11xx.o   
Finished building target: asm_xample11.axf
 
make --no-print-directory post-build
Performing post-build steps
arm-none-eabi-size asm_xample11.axf; # arm-none-eabi-objcopy -O ihex asm_xample11.axf asm_xample11.hex ;
   text	   data	    bss	    dec	    hex	filename
   1384	      0	     16	   1400	    578	asm_xample11.axf
 
14:16:11 **** Incremental Build of configuration Debug for project asm_xample11 ****
make all 
make: Nothing to be done for `all'.
14:16:47 **** Incremental Build of configuration Debug for project asm_xample11 ****
make all 
make: Nothing to be done for `all'.
14:17:11 **** Incremental Build of configuration Debug for project asm_xample11 ****
make all 
make: Nothing to be done for `all'.
14:19:07 **** Incremental Build of configuration Debug for project asm_xample11 ****
make all 
Building file: ../src/main.c
Invoking: MCU C Compiler
arm-none-eabi-gcc -DDEBUG -D__CODE_RED -D__REDLIB__ -I"/Users/madisonrockwell/Documents/LPCXpresso_6.1.2/workspace/asm_xample11/asm_xample11/driver" -I"/Users/madisonrockwell/Documents/LPCXpresso_6.1.2/workspace/asm_xample11/asm_xample11/cmsis" -I"/Users/madisonrockwell/Documents/LPCXpresso_6.1.2/workspace/asm_xample11/asm_xample11/config" -O0 -g3 -Wall -c -fmessage-length=0 -fno-builtin -ffunction-sections -Wa,-ahlnds=main.asm -mcpu=cortex-m0 -mthumb -MMD -MP -MF"src/main.d" -MT"src/main.d" -o "src/main.o" "../src/main.c"
../src/main.c: In function 'main':
../src/main.c:72:1: warning: control reaches end of non-void function [-Wreturn-type]
Finished building: ../src/main.c
 
Building target: asm_xample11.axf
Invoking: MCU Linker
arm-none-eabi-gcc -nostdlib -Xlinker --gc-sections -Xlinker -Map=asm_xample11.map -mcpu=cortex-m0 -mthumb -T "asm_xample11_Debug.ld" -o "asm_xample11.axf"  ./src/cr_startup_lpc11.o ./src/fibonacci.o ./src/main.o  ./driver/adc.o ./driver/can.o ./driver/clkconfig.o ./driver/crp.o ./driver/debug_printf.o ./driver/gpio.o ./driver/i2c.o ./driver/i2cslave.o ./driver/lpc_swu.o ./driver/rs485.o ./driver/small_gpio.o ./driver/ssp.o ./driver/timer16.o ./driver/timer32.o ./driver/uart.o ./driver/wdt.o  ./cmsis/core_cm0.o ./cmsis/system_LPC11xx.o   
Finished building target: asm_xample11.axf
 
make --no-print-directory post-build
Performing post-build steps
arm-none-eabi-size asm_xample11.axf; # arm-none-eabi-objcopy -O ihex asm_xample11.axf asm_xample11.hex ;
   text	   data	    bss	    dec	    hex	filename
   1400	      0	     16	   1416	    588	asm_xample11.axf
 
14:20:30 **** Incremental Build of configuration Debug for project asm_xample11 ****
make all 
Building file: ../src/main.c
Invoking: MCU C Compiler
arm-none-eabi-gcc -DDEBUG -D__CODE_RED -D__REDLIB__ -I"/Users/madisonrockwell/Documents/LPCXpresso_6.1.2/workspace/asm_xample11/asm_xample11/driver" -I"/Users/madisonrockwell/Documents/LPCXpresso_6.1.2/workspace/asm_xample11/asm_xample11/cmsis" -I"/Users/madisonrockwell/Documents/LPCXpresso_6.1.2/workspace/asm_xample11/asm_xample11/config" -O0 -g3 -Wall -c -fmessage-length=0 -fno-builtin -ffunction-sections -Wa,-ahlnds=main.asm -mcpu=cortex-m0 -mthumb -MMD -MP -MF"src/main.d" -MT"src/main.d" -o "src/main.o" "../src/main.c"
../src/main.c: In function 'main':
../src/main.c:72:1: warning: control reaches end of non-void function [-Wreturn-type]
Finished building: ../src/main.c
 
Building target: asm_xample11.axf
Invoking: MCU Linker
arm-none-eabi-gcc -nostdlib -Xlinker --gc-sections -Xlinker -Map=asm_xample11.map -mcpu=cortex-m0 -mthumb -T "asm_xample11_Debug.ld" -o "asm_xample11.axf"  ./src/cr_startup_lpc11.o ./src/fibonacci.o ./src/main.o  ./driver/adc.o ./driver/can.o ./driver/clkconfig.o ./driver/crp.o ./driver/debug_printf.o ./driver/gpio.o ./driver/i2c.o ./driver/i2cslave.o ./driver/lpc_swu.o ./driver/rs485.o ./driver/small_gpio.o ./driver/ssp.o ./driver/timer16.o ./driver/timer32.o ./driver/uart.o ./driver/wdt.o  ./cmsis/core_cm0.o ./cmsis/system_LPC11xx.o   
Finished building target: asm_xample11.axf
 
make --no-print-directory post-build
Performing post-build steps
arm-none-eabi-size asm_xample11.axf; # arm-none-eabi-objcopy -O ihex asm_xample11.axf asm_xample11.hex ;
   text	   data	    bss	    dec	    hex	filename
   1400	      0	     16	   1416	    588	asm_xample11.axf
 
14:23:41 **** Incremental Build of configuration Debug for project asm_xample11 ****
make all 
Building file: ../src/main.c
Invoking: MCU C Compiler
arm-none-eabi-gcc -DDEBUG -D__CODE_RED -D__REDLIB__ -I"/Users/madisonrockwell/Documents/LPCXpresso_6.1.2/workspace/asm_xample11/asm_xample11/driver" -I"/Users/madisonrockwell/Documents/LPCXpresso_6.1.2/workspace/asm_xample11/asm_xample11/cmsis" -I"/Users/madisonrockwell/Documents/LPCXpresso_6.1.2/workspace/asm_xample11/asm_xample11/config" -O0 -g3 -Wall -c -fmessage-length=0 -fno-builtin -ffunction-sections -Wa,-ahlnds=main.asm -mcpu=cortex-m0 -mthumb -MMD -MP -MF"src/main.d" -MT"src/main.d" -o "src/main.o" "../src/main.c"
../src/main.c: In function 'main':
../src/main.c:73:1: warning: control reaches end of non-void function [-Wreturn-type]
Finished building: ../src/main.c
 
Building target: asm_xample11.axf
Invoking: MCU Linker
arm-none-eabi-gcc -nostdlib -Xlinker --gc-sections -Xlinker -Map=asm_xample11.map -mcpu=cortex-m0 -mthumb -T "asm_xample11_Debug.ld" -o "asm_xample11.axf"  ./src/cr_startup_lpc11.o ./src/fibonacci.o ./src/main.o  ./driver/adc.o ./driver/can.o ./driver/clkconfig.o ./driver/crp.o ./driver/debug_printf.o ./driver/gpio.o ./driver/i2c.o ./driver/i2cslave.o ./driver/lpc_swu.o ./driver/rs485.o ./driver/small_gpio.o ./driver/ssp.o ./driver/timer16.o ./driver/timer32.o ./driver/uart.o ./driver/wdt.o  ./cmsis/core_cm0.o ./cmsis/system_LPC11xx.o   
Finished building target: asm_xample11.axf
 
make --no-print-directory post-build
Performing post-build steps
arm-none-eabi-size asm_xample11.axf; # arm-none-eabi-objcopy -O ihex asm_xample11.axf asm_xample11.hex ;
   text	   data	    bss	    dec	    hex	filename
   1408	      0	     16	   1424	    590	asm_xample11.axf
 
14:27:24 **** Incremental Build of configuration Debug for project asm_xample11 ****
make all 
make: Nothing to be done for `all'.
